Archive member included to satisfy reference by file (symbol)

D:/Users/wangs/Documents/Code/LoongArch-Processing-System/1C102/src/sw/LAIDE/buildtool/la32-tool/loongarch32-newlib-elf/lib/\libm.a(lib_a-s_ceil.o)
                              main.o (ceil)
D:/Users/wangs/Documents/Code/LoongArch-Processing-System/1C102/src/sw/LAIDE/buildtool/la32-tool/loongarch32-newlib-elf/lib/\libm.a(lib_a-sf_cos.o)
                              main.o (cosf)
D:/Users/wangs/Documents/Code/LoongArch-Processing-System/1C102/src/sw/LAIDE/buildtool/la32-tool/loongarch32-newlib-elf/lib/\libm.a(lib_a-sf_sin.o)
                              main.o (sinf)
D:/Users/wangs/Documents/Code/LoongArch-Processing-System/1C102/src/sw/LAIDE/buildtool/la32-tool/loongarch32-newlib-elf/lib/\libm.a(lib_a-wf_exp.o)
                              main.o (expf)
D:/Users/wangs/Documents/Code/LoongArch-Processing-System/1C102/src/sw/LAIDE/buildtool/la32-tool/loongarch32-newlib-elf/lib/\libm.a(lib_a-wf_pow.o)
                              main.o (powf)
D:/Users/wangs/Documents/Code/LoongArch-Processing-System/1C102/src/sw/LAIDE/buildtool/la32-tool/loongarch32-newlib-elf/lib/\libm.a(lib_a-wf_sqrt.o)
                              main.o (sqrtf)
D:/Users/wangs/Documents/Code/LoongArch-Processing-System/1C102/src/sw/LAIDE/buildtool/la32-tool/loongarch32-newlib-elf/lib/\libm.a(lib_a-ef_exp.o)
                              D:/Users/wangs/Documents/Code/LoongArch-Processing-System/1C102/src/sw/LAIDE/buildtool/la32-tool/loongarch32-newlib-elf/lib/\libm.a(lib_a-wf_exp.o) (__ieee754_expf)
D:/Users/wangs/Documents/Code/LoongArch-Processing-System/1C102/src/sw/LAIDE/buildtool/la32-tool/loongarch32-newlib-elf/lib/\libm.a(lib_a-ef_pow.o)
                              D:/Users/wangs/Documents/Code/LoongArch-Processing-System/1C102/src/sw/LAIDE/buildtool/la32-tool/loongarch32-newlib-elf/lib/\libm.a(lib_a-wf_pow.o) (__ieee754_powf)
D:/Users/wangs/Documents/Code/LoongArch-Processing-System/1C102/src/sw/LAIDE/buildtool/la32-tool/loongarch32-newlib-elf/lib/\libm.a(lib_a-ef_rem_pio2.o)
                              D:/Users/wangs/Documents/Code/LoongArch-Processing-System/1C102/src/sw/LAIDE/buildtool/la32-tool/loongarch32-newlib-elf/lib/\libm.a(lib_a-sf_cos.o) (__ieee754_rem_pio2f)
D:/Users/wangs/Documents/Code/LoongArch-Processing-System/1C102/src/sw/LAIDE/buildtool/la32-tool/loongarch32-newlib-elf/lib/\libm.a(lib_a-ef_sqrt.o)
                              D:/Users/wangs/Documents/Code/LoongArch-Processing-System/1C102/src/sw/LAIDE/buildtool/la32-tool/loongarch32-newlib-elf/lib/\libm.a(lib_a-wf_sqrt.o) (__ieee754_sqrtf)
D:/Users/wangs/Documents/Code/LoongArch-Processing-System/1C102/src/sw/LAIDE/buildtool/la32-tool/loongarch32-newlib-elf/lib/\libm.a(lib_a-kf_cos.o)
                              D:/Users/wangs/Documents/Code/LoongArch-Processing-System/1C102/src/sw/LAIDE/buildtool/la32-tool/loongarch32-newlib-elf/lib/\libm.a(lib_a-sf_cos.o) (__kernel_cosf)
D:/Users/wangs/Documents/Code/LoongArch-Processing-System/1C102/src/sw/LAIDE/buildtool/la32-tool/loongarch32-newlib-elf/lib/\libm.a(lib_a-kf_rem_pio2.o)
                              D:/Users/wangs/Documents/Code/LoongArch-Processing-System/1C102/src/sw/LAIDE/buildtool/la32-tool/loongarch32-newlib-elf/lib/\libm.a(lib_a-ef_rem_pio2.o) (__kernel_rem_pio2f)
D:/Users/wangs/Documents/Code/LoongArch-Processing-System/1C102/src/sw/LAIDE/buildtool/la32-tool/loongarch32-newlib-elf/lib/\libm.a(lib_a-kf_sin.o)
                              D:/Users/wangs/Documents/Code/LoongArch-Processing-System/1C102/src/sw/LAIDE/buildtool/la32-tool/loongarch32-newlib-elf/lib/\libm.a(lib_a-sf_cos.o) (__kernel_sinf)
D:/Users/wangs/Documents/Code/LoongArch-Processing-System/1C102/src/sw/LAIDE/buildtool/la32-tool/loongarch32-newlib-elf/lib/\libm.a(lib_a-s_lib_ver.o)
                              D:/Users/wangs/Documents/Code/LoongArch-Processing-System/1C102/src/sw/LAIDE/buildtool/la32-tool/loongarch32-newlib-elf/lib/\libm.a(lib_a-wf_exp.o) (__fdlib_version)
D:/Users/wangs/Documents/Code/LoongArch-Processing-System/1C102/src/sw/LAIDE/buildtool/la32-tool/loongarch32-newlib-elf/lib/\libm.a(lib_a-s_matherr.o)
                              D:/Users/wangs/Documents/Code/LoongArch-Processing-System/1C102/src/sw/LAIDE/buildtool/la32-tool/loongarch32-newlib-elf/lib/\libm.a(lib_a-wf_exp.o) (matherr)
D:/Users/wangs/Documents/Code/LoongArch-Processing-System/1C102/src/sw/LAIDE/buildtool/la32-tool/loongarch32-newlib-elf/lib/\libm.a(lib_a-s_rint.o)
                              D:/Users/wangs/Documents/Code/LoongArch-Processing-System/1C102/src/sw/LAIDE/buildtool/la32-tool/loongarch32-newlib-elf/lib/\libm.a(lib_a-wf_pow.o) (rint)
D:/Users/wangs/Documents/Code/LoongArch-Processing-System/1C102/src/sw/LAIDE/buildtool/la32-tool/loongarch32-newlib-elf/lib/\libm.a(lib_a-sf_fabs.o)
                              D:/Users/wangs/Documents/Code/LoongArch-Processing-System/1C102/src/sw/LAIDE/buildtool/la32-tool/loongarch32-newlib-elf/lib/\libm.a(lib_a-ef_pow.o) (fabsf)
[...]
Memory Configuration

Name             Origin             Length             Attributes
flash            0x000000001c000000 0x0000000000010000 r
iram             0x0000000040000000 0x0000000000001000 rw
dram             0x0000000040001000 0x0000000000001000 rw
*default*        0x0000000000000000 0xffffffffffffffff

Linker script and memory map


.text           0x000000001c000000     0xc2a0
                0x000000001c000000                . = ALIGN (0x4)
 *(.text .text.*)
 .text._start   0x000000001c000000     0x1128 start.o
                0x000000001c000000                _start
                0x000000001c0000a8                cpu_wait
 .text.myputchar
                0x000000001c001128       0x20 ls1x_printf.o
                0x000000001c001128                myputchar
 .text.printbase
                0x000000001c001148       0xf0 ls1x_printf.o
                0x000000001c001148                printbase
 .text.ls1x_puts
                0x000000001c001238       0x58 ls1x_printf.o
                0x000000001c001238                ls1x_puts
 .text.myprintf
                0x000000001c001290      0x208 ls1x_printf.o
                0x000000001c001290                myprintf
 .text.vsputs   0x000000001c001498       0x50 ls1x_printf.o
                0x000000001c001498                vsputs
 .text.vsputchar
                0x000000001c0014e8        0xc ls1x_printf.o
                0x000000001c0014e8                vsputchar
 .text.vsprintbase
                0x000000001c0014f4       0xe4 ls1x_printf.o
                0x000000001c0014f4                vsprintbase
 .text.vsprintf
                0x000000001c0015d8      0x22c ls1x_printf.o
                0x000000001c0015d8                vsprintf
 .text.sprintf  0x000000001c001804       0x38 ls1x_printf.o
                0x000000001c001804                sprintf
 .text.UART_SendData
                0x000000001c00183c       0x14 ls1x_uart.o
                0x000000001c00183c                UART_SendData
 .text.EnableInt
                0x000000001c001850        0xc ls1x_common.o
                0x000000001c001850                EnableInt
 .text.Set_Timer_stop
                0x000000001c00185c        0x8 ls1x_common.o
                0x000000001c00185c                Set_Timer_stop
 .text.Set_Timer_clear
                0x000000001c001864        0xc ls1x_common.o
                0x000000001c001864                Set_Timer_clear
 .text.soc_myputchar
                0x000000001c001870       0x38 soc_printf.o
                0x000000001c001870                soc_myputchar
 .text.soc_puts
                0x000000001c0018a8       0x58 soc_printf.o
                0x000000001c0018a8                soc_puts
 .text.soc_printbase
                0x000000001c001900      0x12c soc_printf.o
                0x000000001c001900                soc_printbase
 .text.soc_myprintf
                0x000000001c001a2c      0x278 soc_printf.o
                0x000000001c001a2c                soc_myprintf
 .text.memcpy   0x000000001c001ca4       0x28 ls1x_string.o
                0x000000001c001ca4                memcpy
 .text.memset   0x000000001c001ccc       0x20 ls1x_string.o
                0x000000001c001ccc                memset
 .text.strcmp   0x000000001c001cec       0x34 ls1x_string.o
                0x000000001c001cec                strcmp
 .text.strcpy   0x000000001c001d20       0x1c ls1x_string.o
                0x000000001c001d20                strcpy
 .text.strlen   0x000000001c001d3c       0x24 ls1x_string.o
                0x000000001c001d3c                strlen
 .text.gpio_write
                0x000000001c001d60       0x84 soc_gpio.o
                0x000000001c001d60                gpio_write
 .text.uart1_interrupt
                0x000000001c001de4       0x18 soc_uart.o
                0x000000001c001de4                uart1_interrupt
 .text.EXTI_ClearITPendingBit
                0x000000001c001dfc       0x10 ls1x_exti.o
                0x000000001c001dfc                EXTI_ClearITPendingBit
 .text.WDG_DogFeed
                0x000000001c001e0c       0x14 ls1x_wdg.o
                0x000000001c001e0c                WDG_DogFeed
 .text.TIM_GetITStatus
                0x000000001c001e20       0x18 ls1c102_ptimer.o
                0x000000001c001e20                TIM_GetITStatus
 .text.TIM_ClearIT
                0x000000001c001e38       0x2c ls1c102_ptimer.o
                0x000000001c001e38                TIM_ClearIT
 .text.SD_Init  0x000000001c001e64       0x34 sd.o
                0x000000001c001e64                SD_Init
 .text.DDR_Init
                0x000000001c001e98       0x34 ddr.o
                0x000000001c001e98                DDR_Init
 .text.alloc_init
                0x000000001c001ecc       0x18 memory.o
                0x000000001c001ecc                alloc_init
 .text.soc_malloc
                0x000000001c001ee4       0x28 memory.o
                0x000000001c001ee4                soc_malloc
 .text.soc_calloc
                0x000000001c001f0c       0x78 memory.o
                0x000000001c001f0c                soc_calloc
 .text.soc_fopen
                0x000000001c001f84       0x34 memory.o
                0x000000001c001f84                soc_fopen
 .text.soc_fread
                0x000000001c001fb8       0x78 memory.o
                0x000000001c001fb8                soc_fread
 .text.compare  0x000000001c002030       0x60 main.o
                0x000000001c002030                compare
 .text.compare_tokens
                0x000000001c002090       0x20 main.o
                0x000000001c002090                compare_tokens
 .text.System_Init
                0x000000001c0020b0       0xf0 main.o
                0x000000001c0020b0                System_Init
 .text.SD_load  0x000000001c0021a0       0x84 main.o
                0x000000001c0021a0                SD_load
 .text.malloc_run_state
                0x000000001c002224      0x10c main.o
                0x000000001c002224                malloc_run_state
 .text.memory_map_weights
                0x000000001c002330      0x138 main.o
                0x000000001c002330                memory_map_weights
 .text.read_checkpoint
                0x000000001c002468       0xa8 main.o
                0x000000001c002468                read_checkpoint
 .text.build_transformer
                0x000000001c002510       0x48 main.o
                0x000000001c002510                build_transformer
 .text.rmsnorm  0x000000001c002558      0x118 main.o
                0x000000001c002558                rmsnorm
 .text.softmax  0x000000001c002670       0xe0 main.o
                0x000000001c002670                softmax
 .text.matmul   0x000000001c002750       0xc0 main.o
                0x000000001c002750                matmul
 .text.forward  0x000000001c002810      0x668 main.o
                0x000000001c002810                forward
 .text.build_tokenizer
                0x000000001c002e78      0x150 main.o
                0x000000001c002e78                build_tokenizer
 .text.decode   0x000000001c002fc8       0x2c main.o
                0x000000001c002fc8                decode
 .text.safe_printf
                0x000000001c002ff4       0x5c main.o
                0x000000001c002ff4                safe_printf
 .text.str_lookup
                0x000000001c003050       0x40 main.o
                0x000000001c003050                str_lookup
 .text.encode   0x000000001c003090      0x31c main.o
                0x000000001c003090                encode
 .text.sample_argmax
                0x000000001c0033ac       0x8c main.o
                0x000000001c0033ac                sample_argmax
 .text.sample_mult
                0x000000001c003438       0x84 main.o
                0x000000001c003438                sample_mult
 .text.sample_topp
                0x000000001c0034bc      0x190 main.o
                0x000000001c0034bc                sample_topp
 .text.build_sampler
                0x000000001c00364c       0x40 main.o
                0x000000001c00364c                build_sampler
 .text.random_u32
                0x000000001c00368c       0x80 main.o
                0x000000001c00368c                random_u32
 .text.random_f32
                0x000000001c00370c       0x30 main.o
                0x000000001c00370c                random_f32
 .text.sample   0x000000001c00373c       0xf0 main.o
                0x000000001c00373c                sample
 .text.generate
                0x000000001c00382c      0x144 main.o
                0x000000001c00382c                generate
 .text.main     0x000000001c003970      0x1a8 main.o
                0x000000001c003970                main
 .text.UART1_HANDLER
                0x000000001c003b18       0x28 main.o
                0x000000001c003b18                UART1_HANDLER
 .text.exti_gpioa0_irq_handler
                0x000000001c003b40       0x3c 1c102_Interrupt.o
                0x000000001c003b40                exti_gpioa0_irq_handler
 .text.exti_gpioa1_irq_handler
                0x000000001c003b7c       0x3c 1c102_Interrupt.o
                0x000000001c003b7c                exti_gpioa1_irq_handler
 .text.exti_gpioa2_irq_handler
                0x000000001c003bb8       0x3c 1c102_Interrupt.o
                0x000000001c003bb8                exti_gpioa2_irq_handler
 .text.exti_gpioa3_irq_handler
                0x000000001c003bf4       0x3c 1c102_Interrupt.o
                0x000000001c003bf4                exti_gpioa3_irq_handler
 .text.exti_gpioa4_irq_handler
                0x000000001c003c30       0x3c 1c102_Interrupt.o
                0x000000001c003c30                exti_gpioa4_irq_handler
 .text.exti_gpioa5_irq_handler
                0x000000001c003c6c       0x3c 1c102_Interrupt.o
                0x000000001c003c6c                exti_gpioa5_irq_handler
 .text.exti_gpioa6_irq_handler
                0x000000001c003ca8       0x3c 1c102_Interrupt.o
                0x000000001c003ca8                exti_gpioa6_irq_handler
 .text.exti_gpioa7_irq_handler
                0x000000001c003ce4       0x3c 1c102_Interrupt.o
                0x000000001c003ce4                exti_gpioa7_irq_handler
 .text.exti_gpiob0_irq_handler
                0x000000001c003d20       0x3c 1c102_Interrupt.o
                0x000000001c003d20                exti_gpiob0_irq_handler
 .text.exti_gpiob1_irq_handler
                0x000000001c003d5c       0x3c 1c102_Interrupt.o
                0x000000001c003d5c                exti_gpiob1_irq_handler
 .text.exti_gpiob2_irq_handler
                0x000000001c003d98       0x3c 1c102_Interrupt.o
                0x000000001c003d98                exti_gpiob2_irq_handler
 .text.exti_gpiob3_irq_handler
                0x000000001c003dd4       0x3c 1c102_Interrupt.o
                0x000000001c003dd4                exti_gpiob3_irq_handler
 .text.exti_gpiob4_irq_handler
                0x000000001c003e10       0x3c 1c102_Interrupt.o
                0x000000001c003e10                exti_gpiob4_irq_handler
 .text.exti_gpiob5_irq_handler
                0x000000001c003e4c       0x3c 1c102_Interrupt.o
                0x000000001c003e4c                exti_gpiob5_irq_handler
 .text.exti_gpiob6_irq_handler
                0x000000001c003e88       0x3c 1c102_Interrupt.o
                0x000000001c003e88                exti_gpiob6_irq_handler
 .text.exti_gpiob7_irq_handler
                0x000000001c003ec4       0x3c 1c102_Interrupt.o
                0x000000001c003ec4                exti_gpiob7_irq_handler
 .text.exti_gpioc0_irq_handler
                0x000000001c003f00       0x3c 1c102_Interrupt.o
                0x000000001c003f00                exti_gpioc0_irq_handler
 .text.exti_gpioc1_irq_handler
                0x000000001c003f3c       0x3c 1c102_Interrupt.o
                0x000000001c003f3c                exti_gpioc1_irq_handler
 .text.exti_gpioc2_irq_handler
                0x000000001c003f78       0x3c 1c102_Interrupt.o
                0x000000001c003f78                exti_gpioc2_irq_handler
 .text.exti_gpioc3_irq_handler
                0x000000001c003fb4       0x3c 1c102_Interrupt.o
                0x000000001c003fb4                exti_gpioc3_irq_handler
 .text.exti_gpioc4_irq_handler
                0x000000001c003ff0       0x3c 1c102_Interrupt.o
                0x000000001c003ff0                exti_gpioc4_irq_handler
 .text.exti_gpioc5_irq_handler
                0x000000001c00402c       0x3c 1c102_Interrupt.o
                0x000000001c00402c                exti_gpioc5_irq_handler
 .text.exti_gpioc6_irq_handler
                0x000000001c004068       0x3c 1c102_Interrupt.o
                0x000000001c004068                exti_gpioc6_irq_handler
 .text.exti_gpioc7_irq_handler
                0x000000001c0040a4       0x3c 1c102_Interrupt.o
                0x000000001c0040a4                exti_gpioc7_irq_handler
 .text.exti_gpiod0_irq_handler
                0x000000001c0040e0       0x3c 1c102_Interrupt.o
                0x000000001c0040e0                exti_gpiod0_irq_handler
 .text.exti_gpiod1_irq_handler
                0x000000001c00411c       0x3c 1c102_Interrupt.o
                0x000000001c00411c                exti_gpiod1_irq_handler
 .text.exti_gpiod2_irq_handler
                0x000000001c004158       0x3c 1c102_Interrupt.o
                0x000000001c004158                exti_gpiod2_irq_handler
 .text.exti_gpiod3_irq_handler
                0x000000001c004194       0x3c 1c102_Interrupt.o
                0x000000001c004194                exti_gpiod3_irq_handler
 .text.exti_gpiod4_irq_handler
                0x000000001c0041d0       0x3c 1c102_Interrupt.o
                0x000000001c0041d0                exti_gpiod4_irq_handler
 .text.exti_gpiod5_irq_handler
                0x000000001c00420c       0x3c 1c102_Interrupt.o
                0x000000001c00420c                exti_gpiod5_irq_handler
 .text.exti_gpiod6_irq_handler
                0x000000001c004248       0x3c 1c102_Interrupt.o
                0x000000001c004248                exti_gpiod6_irq_handler
 .text.exti_gpiod7_irq_handler
                0x000000001c004284       0x3c 1c102_Interrupt.o
                0x000000001c004284                exti_gpiod7_irq_handler
 .text.ext_handler
                0x000000001c0042c0       0x98 1c102_Interrupt.o
                0x000000001c0042c0                ext_handler
 .text.TIMER_WAKE_INT
                0x000000001c004358       0x30 1c102_Interrupt.o
                0x000000001c004358                TIMER_WAKE_INT
 .text.TOUCH    0x000000001c004388       0x4c 1c102_Interrupt.o
                0x000000001c004388                TOUCH
 .text.UART2_INT
                0x000000001c0043d4       0x20 1c102_Interrupt.o
                0x000000001c0043d4                UART2_INT
 .text.BAT_FAIL
                0x000000001c0043f4       0x90 1c102_Interrupt.o
                0x000000001c0043f4                BAT_FAIL
 .text.intc_handler
                0x000000001c004484      0x110 1c102_Interrupt.o
                0x000000001c004484                intc_handler
 .text.TIMER_HANDLER
                0x000000001c004594       0x28 1c102_Interrupt.o
                0x000000001c004594                TIMER_HANDLER
 *fill*         0x000000001c0045bc        0x4 
 .text          0x000000001c0045c0      0x210 D:/Users/wangs/Documents/Code/LoongArch-Processing-System/1C102/src/sw/LAIDE/buildtool/la32-tool/loongarch32-newlib-elf/lib/\libm.a(lib_a-s_ceil.o)
                0x000000001c0045c0                ceil
 .text          0x000000001c0047d0       0xd0 D:/Users/wangs/Documents/Code/LoongArch-Processing-System/1C102/src/sw/LAIDE/buildtool/la32-tool/loongarch32-newlib-elf/lib/\libm.a(lib_a-sf_cos.o)
                0x000000001c0047d0                cosf
 .text          0x000000001c0048a0       0xc0 D:/Users/wangs/Documents/Code/LoongArch-Processing-System/1C102/src/sw/LAIDE/buildtool/la32-tool/loongarch32-newlib-elf/lib/\libm.a(lib_a-sf_sin.o)
                0x000000001c0048a0                sinf
 .text          0x000000001c004960      0x1b0 D:/Users/wangs/Documents/Code/LoongArch-Processing-System/1C102/src/sw/LAIDE/buildtool/la32-tool/loongarch32-newlib-elf/lib/\libm.a(lib_a-wf_exp.o)
                0x000000001c004960                expf
 .text          0x000000001c004b10      0x4e0 D:/Users/wangs/Documents/Code/LoongArch-Processing-System/1C102/src/sw/LAIDE/buildtool/la32-tool/loongarch32-newlib-elf/lib/\libm.a(lib_a-wf_pow.o)
                0x000000001c004b10                powf
 .text          0x000000001c004ff0      0x140 D:/Users/wangs/Documents/Code/LoongArch-Processing-System/1C102/src/sw/LAIDE/buildtool/la32-tool/loongarch32-newlib-elf/lib/\libm.a(lib_a-wf_sqrt.o)
                0x000000001c004ff0                sqrtf
 .text          0x000000001c005130      0x400 D:/Users/wangs/Documents/Code/LoongArch-Processing-System/1C102/src/sw/LAIDE/buildtool/la32-tool/loongarch32-newlib-elf/lib/\libm.a(lib_a-ef_exp.o)
                0x000000001c005130                __ieee754_expf
 .text          0x000000001c005530      0xb20 D:/Users/wangs/Documents/Code/LoongArch-Processing-System/1C102/src/sw/LAIDE/buildtool/la32-tool/loongarch32-newlib-elf/lib/\libm.a(lib_a-ef_pow.o)
                0x000000001c005530                __ieee754_powf
 .text          0x000000001c006050      0x4d0 D:/Users/wangs/Documents/Code/LoongArch-Processing-System/1C102/src/sw/LAIDE/buildtool/la32-tool/loongarch32-newlib-elf/lib/\libm.a(lib_a-ef_rem_pio2.o)
                0x000000001c006050                __ieee754_rem_pio2f
 .text          0x000000001c006520      0x160 D:/Users/wangs/Documents/Code/LoongArch-Processing-System/1C102/src/sw/LAIDE/buildtool/la32-tool/loongarch32-newlib-elf/lib/\libm.a(lib_a-ef_sqrt.o)
                0x000000001c006520                __ieee754_sqrtf
 .text          0x000000001c006680      0x300 D:/Users/wangs/Documents/Code/LoongArch-Processing-System/1C102/src/sw/LAIDE/buildtool/la32-tool/loongarch32-newlib-elf/lib/\libm.a(lib_a-kf_cos.o)
                0x000000001c006680                __kernel_cosf
 .text          0x000000001c006980      0xb10 D:/Users/wangs/Documents/Code/LoongArch-Processing-System/1C102/src/sw/LAIDE/buildtool/la32-tool/loongarch32-newlib-elf/lib/\libm.a(lib_a-kf_rem_pio2.o)
                0x000000001c006980                __kernel_rem_pio2f
 .text          0x000000001c007490      0x1d0 D:/Users/wangs/Documents/Code/LoongArch-Processing-System/1C102/src/sw/LAIDE/buildtool/la32-tool/loongarch32-newlib-elf/lib/\libm.a(lib_a-kf_sin.o)
                0x000000001c007490                __kernel_sinf
 .text          0x000000001c007660       0x10 D:/Users/wangs/Documents/Code/LoongArch-Processing-System/1C102/src/sw/LAIDE/buildtool/la32-tool/loongarch32-newlib-elf/lib/\libm.a(lib_a-s_matherr.o)
                0x000000001c007660                matherr
 .text          0x000000001c007670      0x220 D:/Users/wangs/Documents/Code/LoongArch-Processing-System/1C102/src/sw/LAIDE/buildtool/la32-tool/loongarch32-newlib-elf/lib/\libm.a(lib_a-s_rint.o)
                0x000000001c007670                rint
 .text          0x000000001c007890       0x10 D:/Users/wangs/Documents/Code/LoongArch-Processing-System/1C102/src/sw/LAIDE/buildtool/la32-tool/loongarch32-newlib-elf/lib/\libm.a(lib_a-sf_fabs.o)
                0x000000001c007890                fabsf
 .text          0x000000001c0078a0       0x10 D:/Users/wangs/Documents/Code/LoongArch-Processing-System/1C102/src/sw/LAIDE/buildtool/la32-tool/loongarch32-newlib-elf/lib/\libm.a(lib_a-sf_finite.o)
                0x000000001c0078a0                finitef
 .text          0x000000001c0078b0      0x130 D:/Users/wangs/Documents/Code/LoongArch-Processing-System/1C102/src/sw/LAIDE/buildtool/la32-tool/loongarch32-newlib-elf/lib/\libm.a(lib_a-sf_floor.o)
                0x000000001c0078b0                floorf
 .text          0x000000001c0079e0       0x60 D:/Users/wangs/Documents/Code/LoongArch-Processing-System/1C102/src/sw/LAIDE/buildtool/la32-tool/loongarch32-newlib-elf/lib/\libm.a(lib_a-sf_fpclassify.o)
                0x000000001c0079e0                __fpclassifyf
 .text          0x000000001c007a40       0x10 D:/Users/wangs/Documents/Code/LoongArch-Processing-System/1C102/src/sw/LAIDE/buildtool/la32-tool/loongarch32-newlib-elf/lib/\libm.a(lib_a-sf_nan.o)
                0x000000001c007a40                nanf
 .text          0x000000001c007a50      0x140 D:/Users/wangs/Documents/Code/LoongArch-Processing-System/1C102/src/sw/LAIDE/buildtool/la32-tool/loongarch32-newlib-elf/lib/\libm.a(lib_a-sf_scalbn.o)
                0x000000001c007a50                scalbnf
 .text          0x000000001c007b90       0x20 D:/Users/wangs/Documents/Code/LoongArch-Processing-System/1C102/src/sw/LAIDE/buildtool/la32-tool/loongarch32-newlib-elf/lib/\libm.a(lib_a-sf_copysign.o)
                0x000000001c007b90                copysignf
 .text          0x000000001c007bb0      0x470 D:/Users/wangs/Documents/Code/LoongArch-Processing-System/1C102/src/sw/LAIDE/buildtool/la32-tool/lib/gcc/loongarch32-newlib-elf/8.3.0\libgcc.a(addsf3.o)
                0x000000001c007bb0                __addsf3
 .text          0x000000001c008020      0x3d0 D:/Users/wangs/Documents/Code/LoongArch-Processing-System/1C102/src/sw/LAIDE/buildtool/la32-tool/lib/gcc/loongarch32-newlib-elf/8.3.0\libgcc.a(divsf3.o)
                0x000000001c008020                __divsf3
 .text          0x000000001c0083f0       0x70 D:/Users/wangs/Documents/Code/LoongArch-Processing-System/1C102/src/sw/LAIDE/buildtool/la32-tool/lib/gcc/loongarch32-newlib-elf/8.3.0\libgcc.a(eqsf2.o)
                0x000000001c0083f0                __eqsf2
                0x000000001c0083f0                __nesf2
 .text          0x000000001c008460       0xe0 D:/Users/wangs/Documents/Code/LoongArch-Processing-System/1C102/src/sw/LAIDE/buildtool/la32-tool/lib/gcc/loongarch32-newlib-elf/8.3.0\libgcc.a(gesf2.o)
                0x000000001c008460                __gesf2
                0x000000001c008460                __gtsf2
 .text          0x000000001c008540       0xe0 D:/Users/wangs/Documents/Code/LoongArch-Processing-System/1C102/src/sw/LAIDE/buildtool/la32-tool/lib/gcc/loongarch32-newlib-elf/8.3.0\libgcc.a(lesf2.o)
                0x000000001c008540                __ltsf2
                0x000000001c008540                __lesf2
 .text          0x000000001c008620      0x340 D:/Users/wangs/Documents/Code/LoongArch-Processing-System/1C102/src/sw/LAIDE/buildtool/la32-tool/lib/gcc/loongarch32-newlib-elf/8.3.0\libgcc.a(mulsf3.o)
                0x000000001c008620                __mulsf3
 .text          0x000000001c008960      0x490 D:/Users/wangs/Documents/Code/LoongArch-Processing-System/1C102/src/sw/LAIDE/buildtool/la32-tool/lib/gcc/loongarch32-newlib-elf/8.3.0\libgcc.a(subsf3.o)
                0x000000001c008960                __subsf3
 .text          0x000000001c008df0       0x80 D:/Users/wangs/Documents/Code/LoongArch-Processing-System/1C102/src/sw/LAIDE/buildtool/la32-tool/lib/gcc/loongarch32-newlib-elf/8.3.0\libgcc.a(fixsfsi.o)
                0x000000001c008df0                __fixsfsi
 .text          0x000000001c008e70      0x110 D:/Users/wangs/Documents/Code/LoongArch-Processing-System/1C102/src/sw/LAIDE/buildtool/la32-tool/lib/gcc/loongarch32-newlib-elf/8.3.0\libgcc.a(floatsisf.o)
                0x000000001c008e70                __floatsisf
 .text          0x000000001c008f80      0x100 D:/Users/wangs/Documents/Code/LoongArch-Processing-System/1C102/src/sw/LAIDE/buildtool/la32-tool/lib/gcc/loongarch32-newlib-elf/8.3.0\libgcc.a(floatunsisf.o)
                0x000000001c008f80                __floatunsisf
 .text          0x000000001c009080      0x950 D:/Users/wangs/Documents/Code/LoongArch-Processing-System/1C102/src/sw/LAIDE/buildtool/la32-tool/lib/gcc/loongarch32-newlib-elf/8.3.0\libgcc.a(adddf3.o)
                0x000000001c009080                __adddf3
 .text          0x000000001c0099d0      0x910 D:/Users/wangs/Documents/Code/LoongArch-Processing-System/1C102/src/sw/LAIDE/buildtool/la32-tool/lib/gcc/loongarch32-newlib-elf/8.3.0\libgcc.a(divdf3.o)
                0x000000001c0099d0                __divdf3
 .text          0x000000001c00a2e0       0x80 D:/Users/wangs/Documents/Code/LoongArch-Processing-System/1C102/src/sw/LAIDE/buildtool/la32-tool/lib/gcc/loongarch32-newlib-elf/8.3.0\libgcc.a(eqdf2.o)
                0x000000001c00a2e0                __nedf2
                0x000000001c00a2e0                __eqdf2
 .text          0x000000001c00a360      0x130 D:/Users/wangs/Documents/Code/LoongArch-Processing-System/1C102/src/sw/LAIDE/buildtool/la32-tool/lib/gcc/loongarch32-newlib-elf/8.3.0\libgcc.a(gedf2.o)
                0x000000001c00a360                __gedf2
                0x000000001c00a360                __gtdf2
 .text          0x000000001c00a490      0x780 D:/Users/wangs/Documents/Code/LoongArch-Processing-System/1C102/src/sw/LAIDE/buildtool/la32-tool/lib/gcc/loongarch32-newlib-elf/8.3.0\libgcc.a(muldf3.o)
                0x000000001c00a490                __muldf3
 .text          0x000000001c00ac10      0x8c0 D:/Users/wangs/Documents/Code/LoongArch-Processing-System/1C102/src/sw/LAIDE/buildtool/la32-tool/lib/gcc/loongarch32-newlib-elf/8.3.0\libgcc.a(subdf3.o)
                0x000000001c00ac10                __subdf3
 .text          0x000000001c00b4d0       0x70 D:/Users/wangs/Documents/Code/LoongArch-Processing-System/1C102/src/sw/LAIDE/buildtool/la32-tool/lib/gcc/loongarch32-newlib-elf/8.3.0\libgcc.a(fixunsdfsi.o)
                0x000000001c00b4d0                __fixunsdfsi
 .text          0x000000001c00b540       0x80 D:/Users/wangs/Documents/Code/LoongArch-Processing-System/1C102/src/sw/LAIDE/buildtool/la32-tool/lib/gcc/loongarch32-newlib-elf/8.3.0\libgcc.a(floatunsidf.o)
                0x000000001c00b540                __floatunsidf
 .text          0x000000001c00b5c0       0xf0 D:/Users/wangs/Documents/Code/LoongArch-Processing-System/1C102/src/sw/LAIDE/buildtool/la32-tool/lib/gcc/loongarch32-newlib-elf/8.3.0\libgcc.a(extendsfdf2.o)
                0x000000001c00b5c0                __extendsfdf2
 .text          0x000000001c00b6b0      0x1f0 D:/Users/wangs/Documents/Code/LoongArch-Processing-System/1C102/src/sw/LAIDE/buildtool/la32-tool/lib/gcc/loongarch32-newlib-elf/8.3.0\libgcc.a(truncdfsf2.o)
                0x000000001c00b6b0                __truncdfsf2
 .text          0x000000001c00b8a0       0x10 D:/Users/wangs/Documents/Code/LoongArch-Processing-System/1C102/src/sw/LAIDE/buildtool/la32-tool/loongarch32-newlib-elf/lib/\libc.a(lib_a-abs.o)
                0x000000001c00b8a0                abs
 .text          0x000000001c00b8b0       0xc0 D:/Users/wangs/Documents/Code/LoongArch-Processing-System/1C102/src/sw/LAIDE/buildtool/la32-tool/loongarch32-newlib-elf/lib/\libc.a(lib_a-bsearch.o)
                0x000000001c00b8b0                bsearch
 .text          0x000000001c00b970       0x10 D:/Users/wangs/Documents/Code/LoongArch-Processing-System/1C102/src/sw/LAIDE/buildtool/la32-tool/loongarch32-newlib-elf/lib/\libc.a(lib_a-errno.o)
                0x000000001c00b970                __errno
 .text          0x000000001c00b980      0x920 D:/Users/wangs/Documents/Code/LoongArch-Processing-System/1C102/src/sw/LAIDE/buildtool/la32-tool/loongarch32-newlib-elf/lib/\libc.a(lib_a-qsort.o)
                0x000000001c00b980                qsort
                0x000000001c00c2a0                . = ALIGN (0x4)
                0x000000001c00c2a0                _etext = .

.rodata         0x000000001c00c2a0     0x12cc
                0x000000001c00c2a0                . = ALIGN (0x4)
 *(.rodata .rodata.*)
 .rodata.myprintf
                0x000000001c00c2a0      0x150 ls1x_printf.o
 .rodata.vsprintf
                0x000000001c00c3f0      0x150 ls1x_printf.o
 .rodata.soc_myprintf
                0x000000001c00c540      0x150 soc_printf.o
 .rodata.System_Init.str1.4
                0x000000001c00c690       0x5a main.o
 *fill*         0x000000001c00c6ea        0x2 
 .rodata.safe_printf.str1.4
                0x000000001c00c6ec        0x3 main.o
 *fill*         0x000000001c00c6ef        0x1 
 .rodata.encode.str1.4
                0x000000001c00c6f0       0x25 main.o
 *fill*         0x000000001c00c715        0x3 
 .rodata.generate.str1.4
                0x000000001c00c718       0x36 main.o
                                         0x3e (size before relaxing)
 *fill*         0x000000001c00c74e        0x2 
 .rodata.main.str1.4
                0x000000001c00c750       0xaa main.o
 *fill*         0x000000001c00c7fa        0x6 
 .rodata.cst8   0x000000001c00c800        0x8 main.o
 .rodata.cst4   0x000000001c00c808       0x18 main.o
 .rodata.exti_gpioa0_irq_handler.str1.4
                0x000000001c00c820       0x1d 1c102_Interrupt.o
 *fill*         0x000000001c00c83d        0x3 
 .rodata.TOUCH.str1.4
                0x000000001c00c840       0x1e 1c102_Interrupt.o
 *fill*         0x000000001c00c85e        0x2 
 .rodata.BAT_FAIL.str1.4
                0x000000001c00c860       0x4a 1c102_Interrupt.o
 *fill*         0x000000001c00c8aa        0x2 
 .rodata.TIMER_HANDLER.str1.4
                0x000000001c00c8ac       0x1e 1c102_Interrupt.o
 *fill*         0x000000001c00c8ca        0x2 
 .rodata.__FUNCTION__.1776
                0x000000001c00c8cc        0xc 1c102_Interrupt.o
 .rodata.__FUNCTION__.1767
                0x000000001c00c8d8       0x18 1c102_Interrupt.o
 .rodata.__FUNCTION__.1763
                0x000000001c00c8f0       0x18 1c102_Interrupt.o
 .rodata.__FUNCTION__.1759
                0x000000001c00c908       0x18 1c102_Interrupt.o
 .rodata.__FUNCTION__.1755
                0x000000001c00c920       0x18 1c102_Interrupt.o
 .rodata.__FUNCTION__.1751
                0x000000001c00c938       0x18 1c102_Interrupt.o
 .rodata.__FUNCTION__.1747
                0x000000001c00c950       0x18 1c102_Interrupt.o
 .rodata.__FUNCTION__.1743
                0x000000001c00c968       0x18 1c102_Interrupt.o
 .rodata.__FUNCTION__.1739
                0x000000001c00c980       0x18 1c102_Interrupt.o
 .rodata.__FUNCTION__.1735
                0x000000001c00c998       0x18 1c102_Interrupt.o
 .rodata.__FUNCTION__.1731
                0x000000001c00c9b0       0x18 1c102_Interrupt.o
 .rodata.__FUNCTION__.1727
                0x000000001c00c9c8       0x18 1c102_Interrupt.o
 .rodata.__FUNCTION__.1723
                0x000000001c00c9e0       0x18 1c102_Interrupt.o
 .rodata.__FUNCTION__.1719
                0x000000001c00c9f8       0x18 1c102_Interrupt.o
 .rodata.__FUNCTION__.1715
                0x000000001c00ca10       0x18 1c102_Interrupt.o
 .rodata.__FUNCTION__.1711
                0x000000001c00ca28       0x18 1c102_Interrupt.o
 .rodata.__FUNCTION__.1707
                0x000000001c00ca40       0x18 1c102_Interrupt.o
 .rodata.__FUNCTION__.1703
                0x000000001c00ca58       0x18 1c102_Interrupt.o
 .rodata.__FUNCTION__.1699
                0x000000001c00ca70       0x18 1c102_Interrupt.o
 .rodata.__FUNCTION__.1695
                0x000000001c00ca88       0x18 1c102_Interrupt.o
 .rodata.__FUNCTION__.1691
                0x000000001c00caa0       0x18 1c102_Interrupt.o
 .rodata.__FUNCTION__.1687
                0x000000001c00cab8       0x18 1c102_Interrupt.o
 .rodata.__FUNCTION__.1683
                0x000000001c00cad0       0x18 1c102_Interrupt.o
 .rodata.__FUNCTION__.1679
                0x000000001c00cae8       0x18 1c102_Interrupt.o
 .rodata.__FUNCTION__.1675
                0x000000001c00cb00       0x18 1c102_Interrupt.o
 .rodata.__FUNCTION__.1671
                0x000000001c00cb18       0x18 1c102_Interrupt.o
 .rodata.__FUNCTION__.1667
                0x000000001c00cb30       0x18 1c102_Interrupt.o
 .rodata.__FUNCTION__.1663
                0x000000001c00cb48       0x18 1c102_Interrupt.o
 .rodata.__FUNCTION__.1659
                0x000000001c00cb60       0x18 1c102_Interrupt.o
 .rodata.__FUNCTION__.1655
                0x000000001c00cb78       0x18 1c102_Interrupt.o
 .rodata.__FUNCTION__.1651
                0x000000001c00cb90       0x18 1c102_Interrupt.o
 .rodata.__FUNCTION__.1647
                0x000000001c00cba8       0x18 1c102_Interrupt.o
 .rodata.__FUNCTION__.1643
                0x000000001c00cbc0       0x18 1c102_Interrupt.o
 .rodata.Ext_IrqHandle
                0x000000001c00cbd8       0x80 1c102_Interrupt.o
                0x000000001c00cbd8                Ext_IrqHandle
 .rodata.cst8   0x000000001c00cc58        0x8 D:/Users/wangs/Documents/Code/LoongArch-Processing-System/1C102/src/sw/LAIDE/buildtool/la32-tool/loongarch32-newlib-elf/lib/\libm.a(lib_a-s_ceil.o)
 .rodata.str1.4
                0x000000001c00cc60        0x5 D:/Users/wangs/Documents/Code/LoongArch-Processing-System/1C102/src/sw/LAIDE/buildtool/la32-tool/loongarch32-newlib-elf/lib/\libm.a(lib_a-wf_exp.o)
 *fill*         0x000000001c00cc65        0x3 
 .rodata.cst4   0x000000001c00cc68        0x8 D:/Users/wangs/Documents/Code/LoongArch-Processing-System/1C102/src/sw/LAIDE/buildtool/la32-tool/loongarch32-newlib-elf/lib/\libm.a(lib_a-wf_exp.o)
 .rodata.cst8   0x000000001c00cc70       0x10 D:/Users/wangs/Documents/Code/LoongArch-Processing-System/1C102/src/sw/LAIDE/buildtool/la32-tool/loongarch32-newlib-elf/lib/\libm.a(lib_a-wf_exp.o)
 .rodata.str1.4
                0x000000001c00cc80        0x5 D:/Users/wangs/Documents/Code/LoongArch-Processing-System/1C102/src/sw/LAIDE/buildtool/la32-tool/loongarch32-newlib-elf/lib/\libm.a(lib_a-wf_pow.o)
 *fill*         0x000000001c00cc85        0x3 
 .rodata.cst4   0x000000001c00cc88        0x4 D:/Users/wangs/Documents/Code/LoongArch-Processing-System/1C102/src/sw/LAIDE/buildtool/la32-tool/loongarch32-newlib-elf/lib/\libm.a(lib_a-wf_pow.o)
                                          0x8 (size before relaxing)
 *fill*         0x000000001c00cc8c        0x4 
 .rodata.cst8   0x000000001c00cc90       0x18 D:/Users/wangs/Documents/Code/LoongArch-Processing-System/1C102/src/sw/LAIDE/buildtool/la32-tool/loongarch32-newlib-elf/lib/\libm.a(lib_a-wf_pow.o)
                                         0x28 (size before relaxing)
 .rodata.str1.4
                0x000000001c00cca8        0x6 D:/Users/wangs/Documents/Code/LoongArch-Processing-System/1C102/src/sw/LAIDE/buildtool/la32-tool/loongarch32-newlib-elf/lib/\libm.a(lib_a-wf_sqrt.o)
 *fill*         0x000000001c00ccae        0x2 
 .rodata        0x000000001c00ccb0       0x18 D:/Users/wangs/Documents/Code/LoongArch-Processing-System/1C102/src/sw/LAIDE/buildtool/la32-tool/loongarch32-newlib-elf/lib/\libm.a(lib_a-ef_exp.o)
 .rodata.cst4   0x000000001c00ccc8       0x2c D:/Users/wangs/Documents/Code/LoongArch-Processing-System/1C102/src/sw/LAIDE/buildtool/la32-tool/loongarch32-newlib-elf/lib/\libm.a(lib_a-ef_exp.o)
                                         0x30 (size before relaxing)
 .rodata.str1.4
                0x000000001c00ccf4        0x1 D:/Users/wangs/Documents/Code/LoongArch-Processing-System/1C102/src/sw/LAIDE/buildtool/la32-tool/loongarch32-newlib-elf/lib/\libm.a(lib_a-ef_pow.o)
 .rodata.cst4   0x000000001c00ccf4       0x5c D:/Users/wangs/Documents/Code/LoongArch-Processing-System/1C102/src/sw/LAIDE/buildtool/la32-tool/loongarch32-newlib-elf/lib/\libm.a(lib_a-ef_pow.o)
                                         0x84 (size before relaxing)
 .rodata        0x000000001c00cd50      0x398 D:/Users/wangs/Documents/Code/LoongArch-Processing-System/1C102/src/sw/LAIDE/buildtool/la32-tool/loongarch32-newlib-elf/lib/\libm.a(lib_a-ef_rem_pio2.o)
 .rodata.cst4   0x000000001c00d0e8       0x20 D:/Users/wangs/Documents/Code/LoongArch-Processing-System/1C102/src/sw/LAIDE/buildtool/la32-tool/loongarch32-newlib-elf/lib/\libm.a(lib_a-ef_rem_pio2.o)
                                         0x24 (size before relaxing)
 .rodata.cst4   0x000000001c00d108       0x20 D:/Users/wangs/Documents/Code/LoongArch-Processing-System/1C102/src/sw/LAIDE/buildtool/la32-tool/loongarch32-newlib-elf/lib/\libm.a(lib_a-kf_cos.o)
                                         0x28 (size before relaxing)
 .rodata        0x000000001c00d128       0x38 D:/Users/wangs/Documents/Code/LoongArch-Processing-System/1C102/src/sw/LAIDE/buildtool/la32-tool/loongarch32-newlib-elf/lib/\libm.a(lib_a-kf_rem_pio2.o)
 .rodata.cst4   0x000000001c00d160       0x10 D:/Users/wangs/Documents/Code/LoongArch-Processing-System/1C102/src/sw/LAIDE/buildtool/la32-tool/loongarch32-newlib-elf/lib/\libm.a(lib_a-kf_rem_pio2.o)
                                         0x1c (size before relaxing)
 .rodata.cst4   0x000000001c00d170       0x14 D:/Users/wangs/Documents/Code/LoongArch-Processing-System/1C102/src/sw/LAIDE/buildtool/la32-tool/loongarch32-newlib-elf/lib/\libm.a(lib_a-kf_sin.o)
                                         0x1c (size before relaxing)
 *fill*         0x000000001c00d184        0x4 
 .rodata        0x000000001c00d188       0x10 D:/Users/wangs/Documents/Code/LoongArch-Processing-System/1C102/src/sw/LAIDE/buildtool/la32-tool/loongarch32-newlib-elf/lib/\libm.a(lib_a-s_rint.o)
 .rodata.cst4   0x000000001c00d198        0x8 D:/Users/wangs/Documents/Code/LoongArch-Processing-System/1C102/src/sw/LAIDE/buildtool/la32-tool/loongarch32-newlib-elf/lib/\libm.a(lib_a-sf_floor.o)
 .rodata.cst4   0x000000001c00d198        0x4 D:/Users/wangs/Documents/Code/LoongArch-Processing-System/1C102/src/sw/LAIDE/buildtool/la32-tool/loongarch32-newlib-elf/lib/\libm.a(lib_a-sf_nan.o)
 .rodata.cst4   0x000000001c00d19c        0x8 D:/Users/wangs/Documents/Code/LoongArch-Processing-System/1C102/src/sw/LAIDE/buildtool/la32-tool/loongarch32-newlib-elf/lib/\libm.a(lib_a-sf_scalbn.o)
                                         0x10 (size before relaxing)
 .rodata        0x000000001c00d1a4       0x80 D:/Users/wangs/Documents/Code/LoongArch-Processing-System/1C102/src/sw/LAIDE/buildtool/la32-tool/lib/gcc/loongarch32-newlib-elf/8.3.0\libgcc.a(divsf3.o)
 .rodata        0x000000001c00d224       0x40 D:/Users/wangs/Documents/Code/LoongArch-Processing-System/1C102/src/sw/LAIDE/buildtool/la32-tool/lib/gcc/loongarch32-newlib-elf/8.3.0\libgcc.a(mulsf3.o)
 .rodata        0x000000001c00d264       0x40 D:/Users/wangs/Documents/Code/LoongArch-Processing-System/1C102/src/sw/LAIDE/buildtool/la32-tool/lib/gcc/loongarch32-newlib-elf/8.3.0\libgcc.a(divdf3.o)
 .rodata        0x000000001c00d2a4       0x40 D:/Users/wangs/Documents/Code/LoongArch-Processing-System/1C102/src/sw/LAIDE/buildtool/la32-tool/lib/gcc/loongarch32-newlib-elf/8.3.0\libgcc.a(muldf3.o)
 .rodata        0x000000001c00d2e4      0x284 D:/Users/wangs/Documents/Code/LoongArch-Processing-System/1C102/src/sw/LAIDE/buildtool/la32-tool/loongarch32-newlib-elf/lib/\libc.a(lib_a-ctype_.o)
                0x000000001c00d2e4                _ctype_
 .rodata.str1.4
                0x000000001c00d568        0x4 D:/Users/wangs/Documents/Code/LoongArch-Processing-System/1C102/src/sw/LAIDE/buildtool/la32-tool/loongarch32-newlib-elf/lib/\libc.a(lib_a-impure.o)
                                          0x2 (size before relaxing)
                0x000000001c00d56c                . = ALIGN (0x4)
                0x000000001c00d56c                _sidata = ALIGN (., 0x4)
                0x000000001c00d56c                . = ALIGN (0x4)

.rela.dyn       0x000000001c00d56c        0x0
 .rela.rodata.myprintf
                0x000000001c00d56c        0x0 start.o
 .rela.rodata.vsprintf
                0x000000001c00d56c        0x0 start.o
 .rela.rodata.soc_myprintf
                0x000000001c00d56c        0x0 start.o
 .rela.got      0x000000001c00d56c        0x0 start.o
 .rela.rodata.Ext_IrqHandle
                0x000000001c00d56c        0x0 start.o
 .rela.rodata   0x000000001c00d56c        0x0 start.o
 .rela.data     0x000000001c00d56c        0x0 start.o

.data           0x0000000040001000      0x470 load address 0x000000001c00d56c
                0x0000000040001000                _sdata = .
                0x0000000040001000                . = ALIGN (0x4)
 *(.got.plt)
 .got.plt       0x0000000040001000        0x0 start.o
                0x0000000040001000                . = ALIGN (0x4)
 *(.got)
 .got           0x0000000040001000       0x24 start.o
                0x0000000040001000                _GLOBAL_OFFSET_TABLE_
                0x0000000040001024                . = ALIGN (0x4)
 *(.data .data.*)
 .data.hextable
                0x0000000040001024       0x10 soc_printf.o
                0x0000000040001024                hextable
 .data          0x0000000040001034        0x4 D:/Users/wangs/Documents/Code/LoongArch-Processing-System/1C102/src/sw/LAIDE/buildtool/la32-tool/loongarch32-newlib-elf/lib/\libm.a(lib_a-s_lib_ver.o)
                0x0000000040001034                __fdlib_version
 .data          0x0000000040001038        0x4 D:/Users/wangs/Documents/Code/LoongArch-Processing-System/1C102/src/sw/LAIDE/buildtool/la32-tool/loongarch32-newlib-elf/lib/\libc.a(lib_a-ctype_.o)
                0x0000000040001038                __ctype_ptr__
 *fill*         0x000000004000103c        0x4 
 .data          0x0000000040001040      0x430 D:/Users/wangs/Documents/Code/LoongArch-Processing-System/1C102/src/sw/LAIDE/buildtool/la32-tool/loongarch32-newlib-elf/lib/\libc.a(lib_a-impure.o)
                0x0000000040001040                _impure_ptr
                0x0000000040001470                . = ALIGN (0x4)
                0x0000000040001470                _edata = .

.bss            0x0000000040000000       0xa4
                0x0000000040000000                _sbss = .
                0x0000000040000000                . = ALIGN (0x4)
 *(.sbss)
                0x0000000040000000                . = ALIGN (0x4)
 *(.bss)
                0x0000000040000000                . = ALIGN (0x4)
 *(.scommon)
                0x0000000040000000                . = ALIGN (0x4)
 *(COMMON)
 COMMON         0x0000000040000000       0x10 memory.o
                0x0000000040000000                _alloc_ptr
                0x0000000040000004                mem_space
 COMMON         0x0000000040000010       0x94 main.o
                0x0000000040000010                model_address
                0x0000000040000014                model_size
                0x0000000040000018                exti_irq_handle
                0x0000000040000098                tokenizer_address
                0x000000004000009c                a
                0x00000000400000a0                tokenizer_size
                0x00000000400000a4                . = ALIGN (0x4)
                0x00000000400000a4                _ebss = .
LOAD start.o
LOAD serial.o
LOAD wakeup.o
LOAD UserGpio.o
LOAD ls1x_gpio.o
LOAD soc_hpet.o
LOAD ls1x_spi.o
LOAD ls1x_printf.o
LOAD ls1x_uart.o
LOAD ls1x_clock.o
LOAD ls1x_common.o
LOAD ls1x_pmu.o
LOAD ls1x_logo.o
LOAD soc_printf.o
LOAD soc_pwm.o
LOAD ls1x_latimer.o
LOAD ls1x_string.o
LOAD ls1x_flash.o
LOAD ls1x_rtc.o
LOAD soc_gpio.o
LOAD soc_uart.o
LOAD ls1x_exti.o
LOAD ls1x_wdg.o
LOAD ls1c102_i2c.o
LOAD ls1c102_vpwm.o
LOAD ls1c102_touch.o
LOAD ls1c102_ptimer.o
LOAD sd.o
LOAD calIn8M.o
LOAD ddr.o
LOAD memory.o
LOAD Buffer.o
LOAD main.o
LOAD 1c102_cmd.o
LOAD 1c102_Interrupt.o
LOAD D:/Users/wangs/Documents/Code/LoongArch-Processing-System/1C102/src/sw/LAIDE/buildtool/la32-tool/loongarch32-newlib-elf/lib/\libm.a
LOAD D:/Users/wangs/Documents/Code/LoongArch-Processing-System/1C102/src/sw/LAIDE/buildtool/la32-tool/lib/gcc/loongarch32-newlib-elf/8.3.0\libgcc.a
LOAD D:/Users/wangs/Documents/Code/LoongArch-Processing-System/1C102/src/sw/LAIDE/buildtool/la32-tool/loongarch32-newlib-elf/lib/\libc.a
OUTPUT(1c102_instr.elf elf32-loongarch)

.bss.sys_init_cnt
                0x00000000400000a4        0x4
 .bss.sys_init_cnt
                0x00000000400000a4        0x4 main.o
                0x00000000400000a4                sys_init_cnt

.bss.state      0x00000000400000a8        0x4
 .bss.state     0x00000000400000a8        0x4 1c102_Interrupt.o
                0x00000000400000a8                state

.debug_line     0x0000000000000000    0x110d3
 .debug_line    0x0000000000000000       0xd0 start.o
 .debug_line    0x00000000000000d0      0x8c9 ls1x_printf.o
 .debug_line    0x0000000000000999      0x563 ls1x_uart.o
 .debug_line    0x0000000000000efc      0x358 ls1x_common.o
 .debug_line    0x0000000000001254      0x425 soc_printf.o
 .debug_line    0x0000000000001679      0x85b ls1x_string.o
 .debug_line    0x0000000000001ed4      0x1ee soc_gpio.o
 .debug_line    0x00000000000020c2       0xa6 soc_uart.o
 .debug_line    0x0000000000002168      0x398 ls1x_exti.o
 .debug_line    0x0000000000002500      0x266 ls1x_wdg.o
 .debug_line    0x0000000000002766      0x3e5 ls1c102_ptimer.o
 .debug_line    0x0000000000002b4b      0x22f sd.o
 .debug_line    0x0000000000002d7a      0x230 ddr.o
 .debug_line    0x0000000000002faa      0x3df memory.o
 .debug_line    0x0000000000003389     0x21da main.o
 .debug_line    0x0000000000005563      0x8e3 1c102_Interrupt.o
 .debug_line    0x0000000000005e46      0x37b D:/Users/wangs/Documents/Code/LoongArch-Processing-System/1C102/src/sw/LAIDE/buildtool/la32-tool/loongarch32-newlib-elf/lib/\libm.a(lib_a-s_ceil.o)
 .debug_line    0x00000000000061c1      0x27d D:/Users/wangs/Documents/Code/LoongArch-Processing-System/1C102/src/sw/LAIDE/buildtool/la32-tool/loongarch32-newlib-elf/lib/\libm.a(lib_a-sf_cos.o)
 .debug_line    0x000000000000643e      0x27d D:/Users/wangs/Documents/Code/LoongArch-Processing-System/1C102/src/sw/LAIDE/buildtool/la32-tool/loongarch32-newlib-elf/lib/\libm.a(lib_a-sf_sin.o)
 .debug_line    0x00000000000066bb      0x2b3 D:/Users/wangs/Documents/Code/LoongArch-Processing-System/1C102/src/sw/LAIDE/buildtool/la32-tool/loongarch32-newlib-elf/lib/\libm.a(lib_a-wf_exp.o)
 .debug_line    0x000000000000696e      0x521 D:/Users/wangs/Documents/Code/LoongArch-Processing-System/1C102/src/sw/LAIDE/buildtool/la32-tool/loongarch32-newlib-elf/lib/\libm.a(lib_a-wf_pow.o)
 .debug_line    0x0000000000006e8f      0x26d D:/Users/wangs/Documents/Code/LoongArch-Processing-System/1C102/src/sw/LAIDE/buildtool/la32-tool/loongarch32-newlib-elf/lib/\libm.a(lib_a-wf_sqrt.o)
 .debug_line    0x00000000000070fc      0x41a D:/Users/wangs/Documents/Code/LoongArch-Processing-System/1C102/src/sw/LAIDE/buildtool/la32-tool/loongarch32-newlib-elf/lib/\libm.a(lib_a-ef_exp.o)
 .debug_line    0x0000000000007516      0x902 D:/Users/wangs/Documents/Code/LoongArch-Processing-System/1C102/src/sw/LAIDE/buildtool/la32-tool/loongarch32-newlib-elf/lib/\libm.a(lib_a-ef_pow.o)
 .debug_line    0x0000000000007e18      0x59a D:/Users/wangs/Documents/Code/LoongArch-Processing-System/1C102/src/sw/LAIDE/buildtool/la32-tool/loongarch32-newlib-elf/lib/\libm.a(lib_a-ef_rem_pio2.o)
 .debug_line    0x00000000000083b2      0x369 D:/Users/wangs/Documents/Code/LoongArch-Processing-System/1C102/src/sw/LAIDE/buildtool/la32-tool/loongarch32-newlib-elf/lib/\libm.a(lib_a-ef_sqrt.o)
 .debug_line    0x000000000000871b      0x2f8 D:/Users/wangs/Documents/Code/LoongArch-Processing-System/1C102/src/sw/LAIDE/buildtool/la32-tool/loongarch32-newlib-elf/lib/\libm.a(lib_a-kf_cos.o)
 .debug_line    0x0000000000008a13      0x9c7 D:/Users/wangs/Documents/Code/LoongArch-Processing-System/1C102/src/sw/LAIDE/buildtool/la32-tool/loongarch32-newlib-elf/lib/\libm.a(lib_a-kf_rem_pio2.o)
 .debug_line    0x00000000000093da      0x2af D:/Users/wangs/Documents/Code/LoongArch-Processing-System/1C102/src/sw/LAIDE/buildtool/la32-tool/loongarch32-newlib-elf/lib/\libm.a(lib_a-kf_sin.o)
 .debug_line    0x0000000000009689      0x13c D:/Users/wangs/Documents/Code/LoongArch-Processing-System/1C102/src/sw/LAIDE/buildtool/la32-tool/loongarch32-newlib-elf/lib/\libm.a(lib_a-s_lib_ver.o)
 .debug_line    0x00000000000097c5      0x157 D:/Users/wangs/Documents/Code/LoongArch-Processing-System/1C102/src/sw/LAIDE/buildtool/la32-tool/loongarch32-newlib-elf/lib/\libm.a(lib_a-s_matherr.o)
 .debug_line    0x000000000000991c      0x352 D:/Users/wangs/Documents/Code/LoongArch-Processing-System/1C102/src/sw/LAIDE/buildtool/la32-tool/loongarch32-newlib-elf/lib/\libm.a(lib_a-s_rint.o)
 .debug_line    0x0000000000009c6e      0x1f7 D:/Users/wangs/Documents/Code/LoongArch-Processing-System/1C102/src/sw/LAIDE/buildtool/la32-tool/loongarch32-newlib-elf/lib/\libm.a(lib_a-sf_fabs.o)
 .debug_line    0x0000000000009e65      0x1c5 D:/Users/wangs/Documents/Code/LoongArch-Processing-System/1C102/src/sw/LAIDE/buildtool/la32-tool/loongarch32-newlib-elf/lib/\libm.a(lib_a-sf_finite.o)
 .debug_line    0x000000000000a02a      0x2b5 D:/Users/wangs/Documents/Code/LoongArch-Processing-System/1C102/src/sw/LAIDE/buildtool/la32-tool/loongarch32-newlib-elf/lib/\libm.a(lib_a-sf_floor.o)
 .debug_line    0x000000000000a2df      0x1f5 D:/Users/wangs/Documents/Code/LoongArch-Processing-System/1C102/src/sw/LAIDE/buildtool/la32-tool/loongarch32-newlib-elf/lib/\libm.a(lib_a-sf_fpclassify.o)
 .debug_line    0x000000000000a4d4      0x155 D:/Users/wangs/Documents/Code/LoongArch-Processing-System/1C102/src/sw/LAIDE/buildtool/la32-tool/loongarch32-newlib-elf/lib/\libm.a(lib_a-sf_nan.o)
 .debug_line    0x000000000000a629      0x2d0 D:/Users/wangs/Documents/Code/LoongArch-Processing-System/1C102/src/sw/LAIDE/buildtool/la32-tool/loongarch32-newlib-elf/lib/\libm.a(lib_a-sf_scalbn.o)
 .debug_line    0x000000000000a8f9      0x1d3 D:/Users/wangs/Documents/Code/LoongArch-Processing-System/1C102/src/sw/LAIDE/buildtool/la32-tool/loongarch32-newlib-elf/lib/\libm.a(lib_a-sf_copysign.o)
 .debug_line    0x000000000000aacc      0x608 D:/Users/wangs/Documents/Code/LoongArch-Processing-System/1C102/src/sw/LAIDE/buildtool/la32-tool/lib/gcc/loongarch32-newlib-elf/8.3.0\libgcc.a(addsf3.o)
 .debug_line    0x000000000000b0d4      0x4b7 D:/Users/wangs/Documents/Code/LoongArch-Processing-System/1C102/src/sw/LAIDE/buildtool/la32-tool/lib/gcc/loongarch32-newlib-elf/8.3.0\libgcc.a(divsf3.o)
 .debug_line    0x000000000000b58b      0x142 D:/Users/wangs/Documents/Code/LoongArch-Processing-System/1C102/src/sw/LAIDE/buildtool/la32-tool/lib/gcc/loongarch32-newlib-elf/8.3.0\libgcc.a(eqsf2.o)
 .debug_line    0x000000000000b6cd      0x1a8 D:/Users/wangs/Documents/Code/LoongArch-Processing-System/1C102/src/sw/LAIDE/buildtool/la32-tool/lib/gcc/loongarch32-newlib-elf/8.3.0\libgcc.a(gesf2.o)
 .debug_line    0x000000000000b875      0x19e D:/Users/wangs/Documents/Code/LoongArch-Processing-System/1C102/src/sw/LAIDE/buildtool/la32-tool/lib/gcc/loongarch32-newlib-elf/8.3.0\libgcc.a(lesf2.o)
 .debug_line    0x000000000000ba13      0x435 D:/Users/wangs/Documents/Code/LoongArch-Processing-System/1C102/src/sw/LAIDE/buildtool/la32-tool/lib/gcc/loongarch32-newlib-elf/8.3.0\libgcc.a(mulsf3.o)
 .debug_line    0x000000000000be48      0x697 D:/Users/wangs/Documents/Code/LoongArch-Processing-System/1C102/src/sw/LAIDE/buildtool/la32-tool/lib/gcc/loongarch32-newlib-elf/8.3.0\libgcc.a(subsf3.o)
 .debug_line    0x000000000000c4df      0x113 D:/Users/wangs/Documents/Code/LoongArch-Processing-System/1C102/src/sw/LAIDE/buildtool/la32-tool/lib/gcc/loongarch32-newlib-elf/8.3.0\libgcc.a(fixsfsi.o)
 .debug_line    0x000000000000c5f2      0x1bf D:/Users/wangs/Documents/Code/LoongArch-Processing-System/1C102/src/sw/LAIDE/buildtool/la32-tool/lib/gcc/loongarch32-newlib-elf/8.3.0\libgcc.a(floatsisf.o)
 .debug_line    0x000000000000c7b1      0x1c0 D:/Users/wangs/Documents/Code/LoongArch-Processing-System/1C102/src/sw/LAIDE/buildtool/la32-tool/lib/gcc/loongarch32-newlib-elf/8.3.0\libgcc.a(floatunsisf.o)
 .debug_line    0x000000000000c971      0xd2d D:/Users/wangs/Documents/Code/LoongArch-Processing-System/1C102/src/sw/LAIDE/buildtool/la32-tool/lib/gcc/loongarch32-newlib-elf/8.3.0\libgcc.a(adddf3.o)
 .debug_line    0x000000000000d69e      0xa59 D:/Users/wangs/Documents/Code/LoongArch-Processing-System/1C102/src/sw/LAIDE/buildtool/la32-tool/lib/gcc/loongarch32-newlib-elf/8.3.0\libgcc.a(divdf3.o)
 .debug_line    0x000000000000e0f7      0x146 D:/Users/wangs/Documents/Code/LoongArch-Processing-System/1C102/src/sw/LAIDE/buildtool/la32-tool/lib/gcc/loongarch32-newlib-elf/8.3.0\libgcc.a(eqdf2.o)
 .debug_line    0x000000000000e23d      0x1e9 D:/Users/wangs/Documents/Code/LoongArch-Processing-System/1C102/src/sw/LAIDE/buildtool/la32-tool/lib/gcc/loongarch32-newlib-elf/8.3.0\libgcc.a(gedf2.o)
 .debug_line    0x000000000000e426      0x919 D:/Users/wangs/Documents/Code/LoongArch-Processing-System/1C102/src/sw/LAIDE/buildtool/la32-tool/lib/gcc/loongarch32-newlib-elf/8.3.0\libgcc.a(muldf3.o)
 .debug_line    0x000000000000ed3f      0xcd7 D:/Users/wangs/Documents/Code/LoongArch-Processing-System/1C102/src/sw/LAIDE/buildtool/la32-tool/lib/gcc/loongarch32-newlib-elf/8.3.0\libgcc.a(subdf3.o)
 .debug_line    0x000000000000fa16      0x114 D:/Users/wangs/Documents/Code/LoongArch-Processing-System/1C102/src/sw/LAIDE/buildtool/la32-tool/lib/gcc/loongarch32-newlib-elf/8.3.0\libgcc.a(fixunsdfsi.o)
 .debug_line    0x000000000000fb2a      0x1c5 D:/Users/wangs/Documents/Code/LoongArch-Processing-System/1C102/src/sw/LAIDE/buildtool/la32-tool/lib/gcc/loongarch32-newlib-elf/8.3.0\libgcc.a(floatunsidf.o)
 .debug_line    0x000000000000fcef      0x2a3 D:/Users/wangs/Documents/Code/LoongArch-Processing-System/1C102/src/sw/LAIDE/buildtool/la32-tool/lib/gcc/loongarch32-newlib-elf/8.3.0\libgcc.a(extendsfdf2.o)
 .debug_line    0x000000000000ff92      0x2f2 D:/Users/wangs/Documents/Code/LoongArch-Processing-System/1C102/src/sw/LAIDE/buildtool/la32-tool/lib/gcc/loongarch32-newlib-elf/8.3.0\libgcc.a(truncdfsf2.o)
 .debug_line    0x0000000000010284      0x153 D:/Users/wangs/Documents/Code/LoongArch-Processing-System/1C102/src/sw/LAIDE/buildtool/la32-tool/loongarch32-newlib-elf/lib/\libc.a(lib_a-abs.o)
 .debug_line    0x00000000000103d7      0x1b6 D:/Users/wangs/Documents/Code/LoongArch-Processing-System/1C102/src/sw/LAIDE/buildtool/la32-tool/loongarch32-newlib-elf/lib/\libc.a(lib_a-bsearch.o)
 .debug_line    0x000000000001058d       0x98 D:/Users/wangs/Documents/Code/LoongArch-Processing-System/1C102/src/sw/LAIDE/buildtool/la32-tool/loongarch32-newlib-elf/lib/\libc.a(lib_a-ctype_.o)
 .debug_line    0x0000000000010625      0x11a D:/Users/wangs/Documents/Code/LoongArch-Processing-System/1C102/src/sw/LAIDE/buildtool/la32-tool/loongarch32-newlib-elf/lib/\libc.a(lib_a-errno.o)
 .debug_line    0x000000000001073f       0xf5 D:/Users/wangs/Documents/Code/LoongArch-Processing-System/1C102/src/sw/LAIDE/buildtool/la32-tool/loongarch32-newlib-elf/lib/\libc.a(lib_a-impure.o)
 .debug_line    0x0000000000010834      0x89f D:/Users/wangs/Documents/Code/LoongArch-Processing-System/1C102/src/sw/LAIDE/buildtool/la32-tool/loongarch32-newlib-elf/lib/\libc.a(lib_a-qsort.o)

.debug_info     0x0000000000000000    0x1fcf9
 .debug_info    0x0000000000000000       0x26 start.o
 .debug_info    0x0000000000000026      0x952 ls1x_printf.o
 .debug_info    0x0000000000000978      0x6f5 ls1x_uart.o
 .debug_info    0x000000000000106d      0x23e ls1x_common.o
 .debug_info    0x00000000000012ab      0x3bc soc_printf.o
 .debug_info    0x0000000000001667      0x7ee ls1x_string.o
 .debug_info    0x0000000000001e55      0x321 soc_gpio.o
 .debug_info    0x0000000000002176       0xf3 soc_uart.o
 .debug_info    0x0000000000002269      0x3be ls1x_exti.o
 .debug_info    0x0000000000002627      0x2a8 ls1x_wdg.o
 .debug_info    0x00000000000028cf      0x32d ls1c102_ptimer.o
 .debug_info    0x0000000000002bfc       0xe1 sd.o
 .debug_info    0x0000000000002cdd       0xe1 ddr.o
 .debug_info    0x0000000000002dbe      0x3f1 memory.o
 .debug_info    0x00000000000031af     0x33e3 main.o
 .debug_info    0x0000000000006592     0x120b 1c102_Interrupt.o
 .debug_info    0x000000000000779d      0xa7f D:/Users/wangs/Documents/Code/LoongArch-Processing-System/1C102/src/sw/LAIDE/buildtool/la32-tool/loongarch32-newlib-elf/lib/\libm.a(lib_a-s_ceil.o)
 .debug_info    0x000000000000821c      0xad0 D:/Users/wangs/Documents/Code/LoongArch-Processing-System/1C102/src/sw/LAIDE/buildtool/la32-tool/loongarch32-newlib-elf/lib/\libm.a(lib_a-sf_cos.o)
 .debug_info    0x0000000000008cec      0xabb D:/Users/wangs/Documents/Code/LoongArch-Processing-System/1C102/src/sw/LAIDE/buildtool/la32-tool/loongarch32-newlib-elf/lib/\libm.a(lib_a-sf_sin.o)
 .debug_info    0x00000000000097a7      0xace D:/Users/wangs/Documents/Code/LoongArch-Processing-System/1C102/src/sw/LAIDE/buildtool/la32-tool/loongarch32-newlib-elf/lib/\libm.a(lib_a-wf_exp.o)
 .debug_info    0x000000000000a275      0xbef D:/Users/wangs/Documents/Code/LoongArch-Processing-System/1C102/src/sw/LAIDE/buildtool/la32-tool/loongarch32-newlib-elf/lib/\libm.a(lib_a-wf_pow.o)
 .debug_info    0x000000000000ae64      0xaa6 D:/Users/wangs/Documents/Code/LoongArch-Processing-System/1C102/src/sw/LAIDE/buildtool/la32-tool/loongarch32-newlib-elf/lib/\libm.a(lib_a-wf_sqrt.o)
 .debug_info    0x000000000000b90a      0xbf5 D:/Users/wangs/Documents/Code/LoongArch-Processing-System/1C102/src/sw/LAIDE/buildtool/la32-tool/loongarch32-newlib-elf/lib/\libm.a(lib_a-ef_exp.o)
 .debug_info    0x000000000000c4ff     0x1138 D:/Users/wangs/Documents/Code/LoongArch-Processing-System/1C102/src/sw/LAIDE/buildtool/la32-tool/loongarch32-newlib-elf/lib/\libm.a(lib_a-ef_pow.o)
 .debug_info    0x000000000000d637      0xcc4 D:/Users/wangs/Documents/Code/LoongArch-Processing-System/1C102/src/sw/LAIDE/buildtool/la32-tool/loongarch32-newlib-elf/lib/\libm.a(lib_a-ef_rem_pio2.o)
 .debug_info    0x000000000000e2fb      0xabc D:/Users/wangs/Documents/Code/LoongArch-Processing-System/1C102/src/sw/LAIDE/buildtool/la32-tool/loongarch32-newlib-elf/lib/\libm.a(lib_a-ef_sqrt.o)
 .debug_info    0x000000000000edb7      0xaec D:/Users/wangs/Documents/Code/LoongArch-Processing-System/1C102/src/sw/LAIDE/buildtool/la32-tool/loongarch32-newlib-elf/lib/\libm.a(lib_a-kf_cos.o)
 .debug_info    0x000000000000f8a3      0xccc D:/Users/wangs/Documents/Code/LoongArch-Processing-System/1C102/src/sw/LAIDE/buildtool/la32-tool/loongarch32-newlib-elf/lib/\libm.a(lib_a-kf_rem_pio2.o)
 .debug_info    0x000000000001056f      0xab7 D:/Users/wangs/Documents/Code/LoongArch-Processing-System/1C102/src/sw/LAIDE/buildtool/la32-tool/loongarch32-newlib-elf/lib/\libm.a(lib_a-kf_sin.o)
 .debug_info    0x0000000000011026      0x94c D:/Users/wangs/Documents/Code/LoongArch-Processing-System/1C102/src/sw/LAIDE/buildtool/la32-tool/loongarch32-newlib-elf/lib/\libm.a(lib_a-s_lib_ver.o)
 .debug_info    0x0000000000011972      0x9e8 D:/Users/wangs/Documents/Code/LoongArch-Processing-System/1C102/src/sw/LAIDE/buildtool/la32-tool/loongarch32-newlib-elf/lib/\libm.a(lib_a-s_matherr.o)
 .debug_info    0x000000000001235a      0xb01 D:/Users/wangs/Documents/Code/LoongArch-Processing-System/1C102/src/sw/LAIDE/buildtool/la32-tool/loongarch32-newlib-elf/lib/\libm.a(lib_a-s_rint.o)
 .debug_info    0x0000000000012e5b      0xa01 D:/Users/wangs/Documents/Code/LoongArch-Processing-System/1C102/src/sw/LAIDE/buildtool/la32-tool/loongarch32-newlib-elf/lib/\libm.a(lib_a-sf_fabs.o)
 .debug_info    0x000000000001385c      0x9eb D:/Users/wangs/Documents/Code/LoongArch-Processing-System/1C102/src/sw/LAIDE/buildtool/la32-tool/loongarch32-newlib-elf/lib/\libm.a(lib_a-sf_finite.o)
 .debug_info    0x0000000000014247      0xa47 D:/Users/wangs/Documents/Code/LoongArch-Processing-System/1C102/src/sw/LAIDE/buildtool/la32-tool/loongarch32-newlib-elf/lib/\libm.a(lib_a-sf_floor.o)
 .debug_info    0x0000000000014c8e      0x9dd D:/Users/wangs/Documents/Code/LoongArch-Processing-System/1C102/src/sw/LAIDE/buildtool/la32-tool/loongarch32-newlib-elf/lib/\libm.a(lib_a-sf_fpclassify.o)
 .debug_info    0x000000000001566b      0x981 D:/Users/wangs/Documents/Code/LoongArch-Processing-System/1C102/src/sw/LAIDE/buildtool/la32-tool/loongarch32-newlib-elf/lib/\libm.a(lib_a-sf_nan.o)
 .debug_info    0x0000000000015fec      0xaeb D:/Users/wangs/Documents/Code/LoongArch-Processing-System/1C102/src/sw/LAIDE/buildtool/la32-tool/loongarch32-newlib-elf/lib/\libm.a(lib_a-sf_scalbn.o)
 .debug_info    0x0000000000016ad7      0xa48 D:/Users/wangs/Documents/Code/LoongArch-Processing-System/1C102/src/sw/LAIDE/buildtool/la32-tool/loongarch32-newlib-elf/lib/\libm.a(lib_a-sf_copysign.o)
 .debug_info    0x000000000001751f      0x37e D:/Users/wangs/Documents/Code/LoongArch-Processing-System/1C102/src/sw/LAIDE/buildtool/la32-tool/lib/gcc/loongarch32-newlib-elf/8.3.0\libgcc.a(addsf3.o)
 .debug_info    0x000000000001789d      0x424 D:/Users/wangs/Documents/Code/LoongArch-Processing-System/1C102/src/sw/LAIDE/buildtool/la32-tool/lib/gcc/loongarch32-newlib-elf/8.3.0\libgcc.a(divsf3.o)
 .debug_info    0x0000000000017cc1      0x255 D:/Users/wangs/Documents/Code/LoongArch-Processing-System/1C102/src/sw/LAIDE/buildtool/la32-tool/lib/gcc/loongarch32-newlib-elf/8.3.0\libgcc.a(eqsf2.o)
 .debug_info    0x0000000000017f16      0x26f D:/Users/wangs/Documents/Code/LoongArch-Processing-System/1C102/src/sw/LAIDE/buildtool/la32-tool/lib/gcc/loongarch32-newlib-elf/8.3.0\libgcc.a(gesf2.o)
 .debug_info    0x0000000000018185      0x26f D:/Users/wangs/Documents/Code/LoongArch-Processing-System/1C102/src/sw/LAIDE/buildtool/la32-tool/lib/gcc/loongarch32-newlib-elf/8.3.0\libgcc.a(lesf2.o)
 .debug_info    0x00000000000183f4      0x405 D:/Users/wangs/Documents/Code/LoongArch-Processing-System/1C102/src/sw/LAIDE/buildtool/la32-tool/lib/gcc/loongarch32-newlib-elf/8.3.0\libgcc.a(mulsf3.o)
 .debug_info    0x00000000000187f9      0x37e D:/Users/wangs/Documents/Code/LoongArch-Processing-System/1C102/src/sw/LAIDE/buildtool/la32-tool/lib/gcc/loongarch32-newlib-elf/8.3.0\libgcc.a(subsf3.o)
 .debug_info    0x0000000000018b77      0x1e5 D:/Users/wangs/Documents/Code/LoongArch-Processing-System/1C102/src/sw/LAIDE/buildtool/la32-tool/lib/gcc/loongarch32-newlib-elf/8.3.0\libgcc.a(fixsfsi.o)
 .debug_info    0x0000000000018d5c      0x25b D:/Users/wangs/Documents/Code/LoongArch-Processing-System/1C102/src/sw/LAIDE/buildtool/la32-tool/lib/gcc/loongarch32-newlib-elf/8.3.0\libgcc.a(floatsisf.o)
 .debug_info    0x0000000000018fb7      0x24b D:/Users/wangs/Documents/Code/LoongArch-Processing-System/1C102/src/sw/LAIDE/buildtool/la32-tool/lib/gcc/loongarch32-newlib-elf/8.3.0\libgcc.a(floatunsisf.o)
 .debug_info    0x0000000000019202      0x611 D:/Users/wangs/Documents/Code/LoongArch-Processing-System/1C102/src/sw/LAIDE/buildtool/la32-tool/lib/gcc/loongarch32-newlib-elf/8.3.0\libgcc.a(adddf3.o)
 .debug_info    0x0000000000019813      0x819 D:/Users/wangs/Documents/Code/LoongArch-Processing-System/1C102/src/sw/LAIDE/buildtool/la32-tool/lib/gcc/loongarch32-newlib-elf/8.3.0\libgcc.a(divdf3.o)
 .debug_info    0x000000000001a02c      0x285 D:/Users/wangs/Documents/Code/LoongArch-Processing-System/1C102/src/sw/LAIDE/buildtool/la32-tool/lib/gcc/loongarch32-newlib-elf/8.3.0\libgcc.a(eqdf2.o)
 .debug_info    0x000000000001a2b1      0x2a3 D:/Users/wangs/Documents/Code/LoongArch-Processing-System/1C102/src/sw/LAIDE/buildtool/la32-tool/lib/gcc/loongarch32-newlib-elf/8.3.0\libgcc.a(gedf2.o)
 .debug_info    0x000000000001a554      0x7c1 D:/Users/wangs/Documents/Code/LoongArch-Processing-System/1C102/src/sw/LAIDE/buildtool/la32-tool/lib/gcc/loongarch32-newlib-elf/8.3.0\libgcc.a(muldf3.o)
 .debug_info    0x000000000001ad15      0x629 D:/Users/wangs/Documents/Code/LoongArch-Processing-System/1C102/src/sw/LAIDE/buildtool/la32-tool/lib/gcc/loongarch32-newlib-elf/8.3.0\libgcc.a(subdf3.o)
 .debug_info    0x000000000001b33e      0x1f6 D:/Users/wangs/Documents/Code/LoongArch-Processing-System/1C102/src/sw/LAIDE/buildtool/la32-tool/lib/gcc/loongarch32-newlib-elf/8.3.0\libgcc.a(fixunsdfsi.o)
 .debug_info    0x000000000001b534      0x2b2 D:/Users/wangs/Documents/Code/LoongArch-Processing-System/1C102/src/sw/LAIDE/buildtool/la32-tool/lib/gcc/loongarch32-newlib-elf/8.3.0\libgcc.a(floatunsidf.o)
 .debug_info    0x000000000001b7e6      0x29a D:/Users/wangs/Documents/Code/LoongArch-Processing-System/1C102/src/sw/LAIDE/buildtool/la32-tool/lib/gcc/loongarch32-newlib-elf/8.3.0\libgcc.a(extendsfdf2.o)
 .debug_info    0x000000000001ba80      0x2e3 D:/Users/wangs/Documents/Code/LoongArch-Processing-System/1C102/src/sw/LAIDE/buildtool/la32-tool/lib/gcc/loongarch32-newlib-elf/8.3.0\libgcc.a(truncdfsf2.o)
 .debug_info    0x000000000001bd63      0x934 D:/Users/wangs/Documents/Code/LoongArch-Processing-System/1C102/src/sw/LAIDE/buildtool/la32-tool/loongarch32-newlib-elf/lib/\libc.a(lib_a-abs.o)
 .debug_info    0x000000000001c697      0xa29 D:/Users/wangs/Documents/Code/LoongArch-Processing-System/1C102/src/sw/LAIDE/buildtool/la32-tool/loongarch32-newlib-elf/lib/\libc.a(lib_a-bsearch.o)
 .debug_info    0x000000000001d0c0       0x9d D:/Users/wangs/Documents/Code/LoongArch-Processing-System/1C102/src/sw/LAIDE/buildtool/la32-tool/loongarch32-newlib-elf/lib/\libc.a(lib_a-ctype_.o)
 .debug_info    0x000000000001d15d      0x948 D:/Users/wangs/Documents/Code/LoongArch-Processing-System/1C102/src/sw/LAIDE/buildtool/la32-tool/loongarch32-newlib-elf/lib/\libc.a(lib_a-errno.o)
 .debug_info    0x000000000001daa5      0x91f D:/Users/wangs/Documents/Code/LoongArch-Processing-System/1C102/src/sw/LAIDE/buildtool/la32-tool/loongarch32-newlib-elf/lib/\libc.a(lib_a-impure.o)
 .debug_info    0x000000000001e3c4     0x1935 D:/Users/wangs/Documents/Code/LoongArch-Processing-System/1C102/src/sw/LAIDE/buildtool/la32-tool/loongarch32-newlib-elf/lib/\libc.a(lib_a-qsort.o)

.debug_abbrev   0x0000000000000000     0x7752
 .debug_abbrev  0x0000000000000000       0x14 start.o
 .debug_abbrev  0x0000000000000014      0x250 ls1x_printf.o
 .debug_abbrev  0x0000000000000264      0x257 ls1x_uart.o
 .debug_abbrev  0x00000000000004bb       0xf4 ls1x_common.o
 .debug_abbrev  0x00000000000005af      0x171 soc_printf.o
 .debug_abbrev  0x0000000000000720      0x205 ls1x_string.o
 .debug_abbrev  0x0000000000000925       0xff soc_gpio.o
 .debug_abbrev  0x0000000000000a24       0x89 soc_uart.o
 .debug_abbrev  0x0000000000000aad      0x167 ls1x_exti.o
 .debug_abbrev  0x0000000000000c14       0xeb ls1x_wdg.o
 .debug_abbrev  0x0000000000000cff      0x127 ls1c102_ptimer.o
 .debug_abbrev  0x0000000000000e26       0x7c sd.o
 .debug_abbrev  0x0000000000000ea2       0x7c ddr.o
 .debug_abbrev  0x0000000000000f1e      0x16e memory.o
 .debug_abbrev  0x000000000000108c      0x4a1 main.o
 .debug_abbrev  0x000000000000152d      0x1c7 1c102_Interrupt.o
 .debug_abbrev  0x00000000000016f4      0x245 D:/Users/wangs/Documents/Code/LoongArch-Processing-System/1C102/src/sw/LAIDE/buildtool/la32-tool/loongarch32-newlib-elf/lib/\libm.a(lib_a-s_ceil.o)
 .debug_abbrev  0x0000000000001939      0x27e D:/Users/wangs/Documents/Code/LoongArch-Processing-System/1C102/src/sw/LAIDE/buildtool/la32-tool/loongarch32-newlib-elf/lib/\libm.a(lib_a-sf_cos.o)
 .debug_abbrev  0x0000000000001bb7      0x289 D:/Users/wangs/Documents/Code/LoongArch-Processing-System/1C102/src/sw/LAIDE/buildtool/la32-tool/loongarch32-newlib-elf/lib/\libm.a(lib_a-sf_sin.o)
 .debug_abbrev  0x0000000000001e40      0x29b D:/Users/wangs/Documents/Code/LoongArch-Processing-System/1C102/src/sw/LAIDE/buildtool/la32-tool/loongarch32-newlib-elf/lib/\libm.a(lib_a-wf_exp.o)
 .debug_abbrev  0x00000000000020db      0x28a D:/Users/wangs/Documents/Code/LoongArch-Processing-System/1C102/src/sw/LAIDE/buildtool/la32-tool/loongarch32-newlib-elf/lib/\libm.a(lib_a-wf_pow.o)
 .debug_abbrev  0x0000000000002365      0x28a D:/Users/wangs/Documents/Code/LoongArch-Processing-System/1C102/src/sw/LAIDE/buildtool/la32-tool/loongarch32-newlib-elf/lib/\libm.a(lib_a-wf_sqrt.o)
 .debug_abbrev  0x00000000000025ef      0x27a D:/Users/wangs/Documents/Code/LoongArch-Processing-System/1C102/src/sw/LAIDE/buildtool/la32-tool/loongarch32-newlib-elf/lib/\libm.a(lib_a-ef_exp.o)
 .debug_abbrev  0x0000000000002869      0x2ef D:/Users/wangs/Documents/Code/LoongArch-Processing-System/1C102/src/sw/LAIDE/buildtool/la32-tool/loongarch32-newlib-elf/lib/\libm.a(lib_a-ef_pow.o)
 .debug_abbrev  0x0000000000002b58      0x2b4 D:/Users/wangs/Documents/Code/LoongArch-Processing-System/1C102/src/sw/LAIDE/buildtool/la32-tool/loongarch32-newlib-elf/lib/\libm.a(lib_a-ef_rem_pio2.o)
 .debug_abbrev  0x0000000000002e0c      0x24a D:/Users/wangs/Documents/Code/LoongArch-Processing-System/1C102/src/sw/LAIDE/buildtool/la32-tool/loongarch32-newlib-elf/lib/\libm.a(lib_a-ef_sqrt.o)
 .debug_abbrev  0x0000000000003056      0x23b D:/Users/wangs/Documents/Code/LoongArch-Processing-System/1C102/src/sw/LAIDE/buildtool/la32-tool/loongarch32-newlib-elf/lib/\libm.a(lib_a-kf_cos.o)
 .debug_abbrev  0x0000000000003291      0x2c3 D:/Users/wangs/Documents/Code/LoongArch-Processing-System/1C102/src/sw/LAIDE/buildtool/la32-tool/loongarch32-newlib-elf/lib/\libm.a(lib_a-kf_rem_pio2.o)
 .debug_abbrev  0x0000000000003554      0x241 D:/Users/wangs/Documents/Code/LoongArch-Processing-System/1C102/src/sw/LAIDE/buildtool/la32-tool/loongarch32-newlib-elf/lib/\libm.a(lib_a-kf_sin.o)
 .debug_abbrev  0x0000000000003795      0x1cb D:/Users/wangs/Documents/Code/LoongArch-Processing-System/1C102/src/sw/LAIDE/buildtool/la32-tool/loongarch32-newlib-elf/lib/\libm.a(lib_a-s_lib_ver.o)
 .debug_abbrev  0x0000000000003960      0x214 D:/Users/wangs/Documents/Code/LoongArch-Processing-System/1C102/src/sw/LAIDE/buildtool/la32-tool/loongarch32-newlib-elf/lib/\libm.a(lib_a-s_matherr.o)
 .debug_abbrev  0x0000000000003b74      0x26a D:/Users/wangs/Documents/Code/LoongArch-Processing-System/1C102/src/sw/LAIDE/buildtool/la32-tool/loongarch32-newlib-elf/lib/\libm.a(lib_a-s_rint.o)
 .debug_abbrev  0x0000000000003dde      0x22c D:/Users/wangs/Documents/Code/LoongArch-Processing-System/1C102/src/sw/LAIDE/buildtool/la32-tool/loongarch32-newlib-elf/lib/\libm.a(lib_a-sf_fabs.o)
 .debug_abbrev  0x000000000000400a      0x221 D:/Users/wangs/Documents/Code/LoongArch-Processing-System/1C102/src/sw/LAIDE/buildtool/la32-tool/loongarch32-newlib-elf/lib/\libm.a(lib_a-sf_finite.o)
 .debug_abbrev  0x000000000000422b      0x246 D:/Users/wangs/Documents/Code/LoongArch-Processing-System/1C102/src/sw/LAIDE/buildtool/la32-tool/loongarch32-newlib-elf/lib/\libm.a(lib_a-sf_floor.o)
 .debug_abbrev  0x0000000000004471      0x221 D:/Users/wangs/Documents/Code/LoongArch-Processing-System/1C102/src/sw/LAIDE/buildtool/la32-tool/loongarch32-newlib-elf/lib/\libm.a(lib_a-sf_fpclassify.o)
 .debug_abbrev  0x0000000000004692      0x201 D:/Users/wangs/Documents/Code/LoongArch-Processing-System/1C102/src/sw/LAIDE/buildtool/la32-tool/loongarch32-newlib-elf/lib/\libm.a(lib_a-sf_nan.o)
 .debug_abbrev  0x0000000000004893      0x269 D:/Users/wangs/Documents/Code/LoongArch-Processing-System/1C102/src/sw/LAIDE/buildtool/la32-tool/loongarch32-newlib-elf/lib/\libm.a(lib_a-sf_scalbn.o)
 .debug_abbrev  0x0000000000004afc      0x22c D:/Users/wangs/Documents/Code/LoongArch-Processing-System/1C102/src/sw/LAIDE/buildtool/la32-tool/loongarch32-newlib-elf/lib/\libm.a(lib_a-sf_copysign.o)
 .debug_abbrev  0x0000000000004d28      0x187 D:/Users/wangs/Documents/Code/LoongArch-Processing-System/1C102/src/sw/LAIDE/buildtool/la32-tool/lib/gcc/loongarch32-newlib-elf/8.3.0\libgcc.a(addsf3.o)
 .debug_abbrev  0x0000000000004eaf      0x176 D:/Users/wangs/Documents/Code/LoongArch-Processing-System/1C102/src/sw/LAIDE/buildtool/la32-tool/lib/gcc/loongarch32-newlib-elf/8.3.0\libgcc.a(divsf3.o)
 .debug_abbrev  0x0000000000005025      0x179 D:/Users/wangs/Documents/Code/LoongArch-Processing-System/1C102/src/sw/LAIDE/buildtool/la32-tool/lib/gcc/loongarch32-newlib-elf/8.3.0\libgcc.a(eqsf2.o)
 .debug_abbrev  0x000000000000519e      0x19a D:/Users/wangs/Documents/Code/LoongArch-Processing-System/1C102/src/sw/LAIDE/buildtool/la32-tool/lib/gcc/loongarch32-newlib-elf/8.3.0\libgcc.a(gesf2.o)
 .debug_abbrev  0x0000000000005338      0x19a D:/Users/wangs/Documents/Code/LoongArch-Processing-System/1C102/src/sw/LAIDE/buildtool/la32-tool/lib/gcc/loongarch32-newlib-elf/8.3.0\libgcc.a(lesf2.o)
 .debug_abbrev  0x00000000000054d2      0x16d D:/Users/wangs/Documents/Code/LoongArch-Processing-System/1C102/src/sw/LAIDE/buildtool/la32-tool/lib/gcc/loongarch32-newlib-elf/8.3.0\libgcc.a(mulsf3.o)
 .debug_abbrev  0x000000000000563f      0x187 D:/Users/wangs/Documents/Code/LoongArch-Processing-System/1C102/src/sw/LAIDE/buildtool/la32-tool/lib/gcc/loongarch32-newlib-elf/8.3.0\libgcc.a(subsf3.o)
 .debug_abbrev  0x00000000000057c6      0x180 D:/Users/wangs/Documents/Code/LoongArch-Processing-System/1C102/src/sw/LAIDE/buildtool/la32-tool/lib/gcc/loongarch32-newlib-elf/8.3.0\libgcc.a(fixsfsi.o)
 .debug_abbrev  0x0000000000005946      0x18b D:/Users/wangs/Documents/Code/LoongArch-Processing-System/1C102/src/sw/LAIDE/buildtool/la32-tool/lib/gcc/loongarch32-newlib-elf/8.3.0\libgcc.a(floatsisf.o)
 .debug_abbrev  0x0000000000005ad1      0x1a7 D:/Users/wangs/Documents/Code/LoongArch-Processing-System/1C102/src/sw/LAIDE/buildtool/la32-tool/lib/gcc/loongarch32-newlib-elf/8.3.0\libgcc.a(floatunsisf.o)
 .debug_abbrev  0x0000000000005c78      0x19d D:/Users/wangs/Documents/Code/LoongArch-Processing-System/1C102/src/sw/LAIDE/buildtool/la32-tool/lib/gcc/loongarch32-newlib-elf/8.3.0\libgcc.a(adddf3.o)
 .debug_abbrev  0x0000000000005e15      0x17d D:/Users/wangs/Documents/Code/LoongArch-Processing-System/1C102/src/sw/LAIDE/buildtool/la32-tool/lib/gcc/loongarch32-newlib-elf/8.3.0\libgcc.a(divdf3.o)
 .debug_abbrev  0x0000000000005f92      0x18d D:/Users/wangs/Documents/Code/LoongArch-Processing-System/1C102/src/sw/LAIDE/buildtool/la32-tool/lib/gcc/loongarch32-newlib-elf/8.3.0\libgcc.a(eqdf2.o)
 .debug_abbrev  0x000000000000611f      0x18f D:/Users/wangs/Documents/Code/LoongArch-Processing-System/1C102/src/sw/LAIDE/buildtool/la32-tool/lib/gcc/loongarch32-newlib-elf/8.3.0\libgcc.a(gedf2.o)
 .debug_abbrev  0x00000000000062ae      0x186 D:/Users/wangs/Documents/Code/LoongArch-Processing-System/1C102/src/sw/LAIDE/buildtool/la32-tool/lib/gcc/loongarch32-newlib-elf/8.3.0\libgcc.a(muldf3.o)
 .debug_abbrev  0x0000000000006434      0x19d D:/Users/wangs/Documents/Code/LoongArch-Processing-System/1C102/src/sw/LAIDE/buildtool/la32-tool/lib/gcc/loongarch32-newlib-elf/8.3.0\libgcc.a(subdf3.o)
 .debug_abbrev  0x00000000000065d1      0x191 D:/Users/wangs/Documents/Code/LoongArch-Processing-System/1C102/src/sw/LAIDE/buildtool/la32-tool/lib/gcc/loongarch32-newlib-elf/8.3.0\libgcc.a(fixunsdfsi.o)
 .debug_abbrev  0x0000000000006762      0x190 D:/Users/wangs/Documents/Code/LoongArch-Processing-System/1C102/src/sw/LAIDE/buildtool/la32-tool/lib/gcc/loongarch32-newlib-elf/8.3.0\libgcc.a(floatunsidf.o)
 .debug_abbrev  0x00000000000068f2      0x177 D:/Users/wangs/Documents/Code/LoongArch-Processing-System/1C102/src/sw/LAIDE/buildtool/la32-tool/lib/gcc/loongarch32-newlib-elf/8.3.0\libgcc.a(extendsfdf2.o)
 .debug_abbrev  0x0000000000006a69      0x16b D:/Users/wangs/Documents/Code/LoongArch-Processing-System/1C102/src/sw/LAIDE/buildtool/la32-tool/lib/gcc/loongarch32-newlib-elf/8.3.0\libgcc.a(truncdfsf2.o)
 .debug_abbrev  0x0000000000006bd4      0x1dc D:/Users/wangs/Documents/Code/LoongArch-Processing-System/1C102/src/sw/LAIDE/buildtool/la32-tool/loongarch32-newlib-elf/lib/\libc.a(lib_a-abs.o)
 .debug_abbrev  0x0000000000006db0      0x21e D:/Users/wangs/Documents/Code/LoongArch-Processing-System/1C102/src/sw/LAIDE/buildtool/la32-tool/loongarch32-newlib-elf/lib/\libc.a(lib_a-bsearch.o)
 .debug_abbrev  0x0000000000006fce       0x6f D:/Users/wangs/Documents/Code/LoongArch-Processing-System/1C102/src/sw/LAIDE/buildtool/la32-tool/loongarch32-newlib-elf/lib/\libc.a(lib_a-ctype_.o)
 .debug_abbrev  0x000000000000703d      0x1cd D:/Users/wangs/Documents/Code/LoongArch-Processing-System/1C102/src/sw/LAIDE/buildtool/la32-tool/loongarch32-newlib-elf/lib/\libc.a(lib_a-errno.o)
 .debug_abbrev  0x000000000000720a      0x1af D:/Users/wangs/Documents/Code/LoongArch-Processing-System/1C102/src/sw/LAIDE/buildtool/la32-tool/loongarch32-newlib-elf/lib/\libc.a(lib_a-impure.o)
 .debug_abbrev  0x00000000000073b9      0x399 D:/Users/wangs/Documents/Code/LoongArch-Processing-System/1C102/src/sw/LAIDE/buildtool/la32-tool/loongarch32-newlib-elf/lib/\libc.a(lib_a-qsort.o)

.debug_aranges  0x0000000000000000      0xc78
 .debug_aranges
                0x0000000000000000       0x20 start.o
 .debug_aranges
                0x0000000000000020       0x78 ls1x_printf.o
 .debug_aranges
                0x0000000000000098       0x80 ls1x_uart.o
 .debug_aranges
                0x0000000000000118       0x68 ls1x_common.o
 .debug_aranges
                0x0000000000000180       0x38 soc_printf.o
 .debug_aranges
                0x00000000000001b8       0x90 ls1x_string.o
 .debug_aranges
                0x0000000000000248       0x30 soc_gpio.o
 .debug_aranges
                0x0000000000000278       0x20 soc_uart.o
 .debug_aranges
                0x0000000000000298       0x50 ls1x_exti.o
 .debug_aranges
                0x00000000000002e8       0x30 ls1x_wdg.o
 .debug_aranges
                0x0000000000000318       0x68 ls1c102_ptimer.o
 .debug_aranges
                0x0000000000000380       0x20 sd.o
 .debug_aranges
                0x00000000000003a0       0x20 ddr.o
 .debug_aranges
                0x00000000000003c0       0x48 memory.o
 .debug_aranges
                0x0000000000000408      0x108 main.o
 .debug_aranges
                0x0000000000000510      0x160 1c102_Interrupt.o
 .debug_aranges
                0x0000000000000670       0x20 D:/Users/wangs/Documents/Code/LoongArch-Processing-System/1C102/src/sw/LAIDE/buildtool/la32-tool/loongarch32-newlib-elf/lib/\libm.a(lib_a-s_ceil.o)
 .debug_aranges
                0x0000000000000690       0x20 D:/Users/wangs/Documents/Code/LoongArch-Processing-System/1C102/src/sw/LAIDE/buildtool/la32-tool/loongarch32-newlib-elf/lib/\libm.a(lib_a-sf_cos.o)
 .debug_aranges
                0x00000000000006b0       0x20 D:/Users/wangs/Documents/Code/LoongArch-Processing-System/1C102/src/sw/LAIDE/buildtool/la32-tool/loongarch32-newlib-elf/lib/\libm.a(lib_a-sf_sin.o)
 .debug_aranges
                0x00000000000006d0       0x20 D:/Users/wangs/Documents/Code/LoongArch-Processing-System/1C102/src/sw/LAIDE/buildtool/la32-tool/loongarch32-newlib-elf/lib/\libm.a(lib_a-wf_exp.o)
 .debug_aranges
                0x00000000000006f0       0x20 D:/Users/wangs/Documents/Code/LoongArch-Processing-System/1C102/src/sw/LAIDE/buildtool/la32-tool/loongarch32-newlib-elf/lib/\libm.a(lib_a-wf_pow.o)
 .debug_aranges
                0x0000000000000710       0x20 D:/Users/wangs/Documents/Code/LoongArch-Processing-System/1C102/src/sw/LAIDE/buildtool/la32-tool/loongarch32-newlib-elf/lib/\libm.a(lib_a-wf_sqrt.o)
 .debug_aranges
                0x0000000000000730       0x20 D:/Users/wangs/Documents/Code/LoongArch-Processing-System/1C102/src/sw/LAIDE/buildtool/la32-tool/loongarch32-newlib-elf/lib/\libm.a(lib_a-ef_exp.o)
 .debug_aranges
                0x0000000000000750       0x20 D:/Users/wangs/Documents/Code/LoongArch-Processing-System/1C102/src/sw/LAIDE/buildtool/la32-tool/loongarch32-newlib-elf/lib/\libm.a(lib_a-ef_pow.o)
 .debug_aranges
                0x0000000000000770       0x20 D:/Users/wangs/Documents/Code/LoongArch-Processing-System/1C102/src/sw/LAIDE/buildtool/la32-tool/loongarch32-newlib-elf/lib/\libm.a(lib_a-ef_rem_pio2.o)
 .debug_aranges
                0x0000000000000790       0x20 D:/Users/wangs/Documents/Code/LoongArch-Processing-System/1C102/src/sw/LAIDE/buildtool/la32-tool/loongarch32-newlib-elf/lib/\libm.a(lib_a-ef_sqrt.o)
 .debug_aranges
                0x00000000000007b0       0x20 D:/Users/wangs/Documents/Code/LoongArch-Processing-System/1C102/src/sw/LAIDE/buildtool/la32-tool/loongarch32-newlib-elf/lib/\libm.a(lib_a-kf_cos.o)
 .debug_aranges
                0x00000000000007d0       0x20 D:/Users/wangs/Documents/Code/LoongArch-Processing-System/1C102/src/sw/LAIDE/buildtool/la32-tool/loongarch32-newlib-elf/lib/\libm.a(lib_a-kf_rem_pio2.o)
 .debug_aranges
                0x00000000000007f0       0x20 D:/Users/wangs/Documents/Code/LoongArch-Processing-System/1C102/src/sw/LAIDE/buildtool/la32-tool/loongarch32-newlib-elf/lib/\libm.a(lib_a-kf_sin.o)
 .debug_aranges
                0x0000000000000810       0x18 D:/Users/wangs/Documents/Code/LoongArch-Processing-System/1C102/src/sw/LAIDE/buildtool/la32-tool/loongarch32-newlib-elf/lib/\libm.a(lib_a-s_lib_ver.o)
 .debug_aranges
                0x0000000000000828       0x20 D:/Users/wangs/Documents/Code/LoongArch-Processing-System/1C102/src/sw/LAIDE/buildtool/la32-tool/loongarch32-newlib-elf/lib/\libm.a(lib_a-s_matherr.o)
 .debug_aranges
                0x0000000000000848       0x20 D:/Users/wangs/Documents/Code/LoongArch-Processing-System/1C102/src/sw/LAIDE/buildtool/la32-tool/loongarch32-newlib-elf/lib/\libm.a(lib_a-s_rint.o)
 .debug_aranges
                0x0000000000000868       0x20 D:/Users/wangs/Documents/Code/LoongArch-Processing-System/1C102/src/sw/LAIDE/buildtool/la32-tool/loongarch32-newlib-elf/lib/\libm.a(lib_a-sf_fabs.o)
 .debug_aranges
                0x0000000000000888       0x20 D:/Users/wangs/Documents/Code/LoongArch-Processing-System/1C102/src/sw/LAIDE/buildtool/la32-tool/loongarch32-newlib-elf/lib/\libm.a(lib_a-sf_finite.o)
 .debug_aranges
                0x00000000000008a8       0x20 D:/Users/wangs/Documents/Code/LoongArch-Processing-System/1C102/src/sw/LAIDE/buildtool/la32-tool/loongarch32-newlib-elf/lib/\libm.a(lib_a-sf_floor.o)
 .debug_aranges
                0x00000000000008c8       0x20 D:/Users/wangs/Documents/Code/LoongArch-Processing-System/1C102/src/sw/LAIDE/buildtool/la32-tool/loongarch32-newlib-elf/lib/\libm.a(lib_a-sf_fpclassify.o)
 .debug_aranges
                0x00000000000008e8       0x20 D:/Users/wangs/Documents/Code/LoongArch-Processing-System/1C102/src/sw/LAIDE/buildtool/la32-tool/loongarch32-newlib-elf/lib/\libm.a(lib_a-sf_nan.o)
 .debug_aranges
                0x0000000000000908       0x20 D:/Users/wangs/Documents/Code/LoongArch-Processing-System/1C102/src/sw/LAIDE/buildtool/la32-tool/loongarch32-newlib-elf/lib/\libm.a(lib_a-sf_scalbn.o)
 .debug_aranges
                0x0000000000000928       0x20 D:/Users/wangs/Documents/Code/LoongArch-Processing-System/1C102/src/sw/LAIDE/buildtool/la32-tool/loongarch32-newlib-elf/lib/\libm.a(lib_a-sf_copysign.o)
 .debug_aranges
                0x0000000000000948       0x20 D:/Users/wangs/Documents/Code/LoongArch-Processing-System/1C102/src/sw/LAIDE/buildtool/la32-tool/lib/gcc/loongarch32-newlib-elf/8.3.0\libgcc.a(addsf3.o)
 .debug_aranges
                0x0000000000000968       0x20 D:/Users/wangs/Documents/Code/LoongArch-Processing-System/1C102/src/sw/LAIDE/buildtool/la32-tool/lib/gcc/loongarch32-newlib-elf/8.3.0\libgcc.a(divsf3.o)
 .debug_aranges
                0x0000000000000988       0x20 D:/Users/wangs/Documents/Code/LoongArch-Processing-System/1C102/src/sw/LAIDE/buildtool/la32-tool/lib/gcc/loongarch32-newlib-elf/8.3.0\libgcc.a(eqsf2.o)
 .debug_aranges
                0x00000000000009a8       0x20 D:/Users/wangs/Documents/Code/LoongArch-Processing-System/1C102/src/sw/LAIDE/buildtool/la32-tool/lib/gcc/loongarch32-newlib-elf/8.3.0\libgcc.a(gesf2.o)
 .debug_aranges
                0x00000000000009c8       0x20 D:/Users/wangs/Documents/Code/LoongArch-Processing-System/1C102/src/sw/LAIDE/buildtool/la32-tool/lib/gcc/loongarch32-newlib-elf/8.3.0\libgcc.a(lesf2.o)
 .debug_aranges
                0x00000000000009e8       0x20 D:/Users/wangs/Documents/Code/LoongArch-Processing-System/1C102/src/sw/LAIDE/buildtool/la32-tool/lib/gcc/loongarch32-newlib-elf/8.3.0\libgcc.a(mulsf3.o)
 .debug_aranges
                0x0000000000000a08       0x20 D:/Users/wangs/Documents/Code/LoongArch-Processing-System/1C102/src/sw/LAIDE/buildtool/la32-tool/lib/gcc/loongarch32-newlib-elf/8.3.0\libgcc.a(subsf3.o)
 .debug_aranges
                0x0000000000000a28       0x20 D:/Users/wangs/Documents/Code/LoongArch-Processing-System/1C102/src/sw/LAIDE/buildtool/la32-tool/lib/gcc/loongarch32-newlib-elf/8.3.0\libgcc.a(fixsfsi.o)
 .debug_aranges
                0x0000000000000a48       0x20 D:/Users/wangs/Documents/Code/LoongArch-Processing-System/1C102/src/sw/LAIDE/buildtool/la32-tool/lib/gcc/loongarch32-newlib-elf/8.3.0\libgcc.a(floatsisf.o)
 .debug_aranges
                0x0000000000000a68       0x20 D:/Users/wangs/Documents/Code/LoongArch-Processing-System/1C102/src/sw/LAIDE/buildtool/la32-tool/lib/gcc/loongarch32-newlib-elf/8.3.0\libgcc.a(floatunsisf.o)
 .debug_aranges
                0x0000000000000a88       0x20 D:/Users/wangs/Documents/Code/LoongArch-Processing-System/1C102/src/sw/LAIDE/buildtool/la32-tool/lib/gcc/loongarch32-newlib-elf/8.3.0\libgcc.a(adddf3.o)
 .debug_aranges
                0x0000000000000aa8       0x20 D:/Users/wangs/Documents/Code/LoongArch-Processing-System/1C102/src/sw/LAIDE/buildtool/la32-tool/lib/gcc/loongarch32-newlib-elf/8.3.0\libgcc.a(divdf3.o)
 .debug_aranges
                0x0000000000000ac8       0x20 D:/Users/wangs/Documents/Code/LoongArch-Processing-System/1C102/src/sw/LAIDE/buildtool/la32-tool/lib/gcc/loongarch32-newlib-elf/8.3.0\libgcc.a(eqdf2.o)
 .debug_aranges
                0x0000000000000ae8       0x20 D:/Users/wangs/Documents/Code/LoongArch-Processing-System/1C102/src/sw/LAIDE/buildtool/la32-tool/lib/gcc/loongarch32-newlib-elf/8.3.0\libgcc.a(gedf2.o)
 .debug_aranges
                0x0000000000000b08       0x20 D:/Users/wangs/Documents/Code/LoongArch-Processing-System/1C102/src/sw/LAIDE/buildtool/la32-tool/lib/gcc/loongarch32-newlib-elf/8.3.0\libgcc.a(muldf3.o)
 .debug_aranges
                0x0000000000000b28       0x20 D:/Users/wangs/Documents/Code/LoongArch-Processing-System/1C102/src/sw/LAIDE/buildtool/la32-tool/lib/gcc/loongarch32-newlib-elf/8.3.0\libgcc.a(subdf3.o)
 .debug_aranges
                0x0000000000000b48       0x20 D:/Users/wangs/Documents/Code/LoongArch-Processing-System/1C102/src/sw/LAIDE/buildtool/la32-tool/lib/gcc/loongarch32-newlib-elf/8.3.0\libgcc.a(fixunsdfsi.o)
 .debug_aranges
                0x0000000000000b68       0x20 D:/Users/wangs/Documents/Code/LoongArch-Processing-System/1C102/src/sw/LAIDE/buildtool/la32-tool/lib/gcc/loongarch32-newlib-elf/8.3.0\libgcc.a(floatunsidf.o)
 .debug_aranges
                0x0000000000000b88       0x20 D:/Users/wangs/Documents/Code/LoongArch-Processing-System/1C102/src/sw/LAIDE/buildtool/la32-tool/lib/gcc/loongarch32-newlib-elf/8.3.0\libgcc.a(extendsfdf2.o)
 .debug_aranges
                0x0000000000000ba8       0x20 D:/Users/wangs/Documents/Code/LoongArch-Processing-System/1C102/src/sw/LAIDE/buildtool/la32-tool/lib/gcc/loongarch32-newlib-elf/8.3.0\libgcc.a(truncdfsf2.o)
 .debug_aranges
                0x0000000000000bc8       0x20 D:/Users/wangs/Documents/Code/LoongArch-Processing-System/1C102/src/sw/LAIDE/buildtool/la32-tool/loongarch32-newlib-elf/lib/\libc.a(lib_a-abs.o)
 .debug_aranges
                0x0000000000000be8       0x20 D:/Users/wangs/Documents/Code/LoongArch-Processing-System/1C102/src/sw/LAIDE/buildtool/la32-tool/loongarch32-newlib-elf/lib/\libc.a(lib_a-bsearch.o)
 .debug_aranges
                0x0000000000000c08       0x18 D:/Users/wangs/Documents/Code/LoongArch-Processing-System/1C102/src/sw/LAIDE/buildtool/la32-tool/loongarch32-newlib-elf/lib/\libc.a(lib_a-ctype_.o)
 .debug_aranges
                0x0000000000000c20       0x20 D:/Users/wangs/Documents/Code/LoongArch-Processing-System/1C102/src/sw/LAIDE/buildtool/la32-tool/loongarch32-newlib-elf/lib/\libc.a(lib_a-errno.o)
 .debug_aranges
                0x0000000000000c40       0x18 D:/Users/wangs/Documents/Code/LoongArch-Processing-System/1C102/src/sw/LAIDE/buildtool/la32-tool/loongarch32-newlib-elf/lib/\libc.a(lib_a-impure.o)
 .debug_aranges
                0x0000000000000c58       0x20 D:/Users/wangs/Documents/Code/LoongArch-Processing-System/1C102/src/sw/LAIDE/buildtool/la32-tool/loongarch32-newlib-elf/lib/\libc.a(lib_a-qsort.o)

.debug_str      0x0000000000000000     0x3454
 .debug_str     0x0000000000000000       0xb1 start.o
 .debug_str     0x00000000000000b1      0x282 ls1x_printf.o
                                        0x360 (size before relaxing)
 .debug_str     0x0000000000000333      0x220 ls1x_uart.o
                                        0x490 (size before relaxing)
 .debug_str     0x0000000000000553      0x10b ls1x_common.o
                                        0x2d4 (size before relaxing)
 .debug_str     0x000000000000065e       0xa6 soc_printf.o
                                        0x1f8 (size before relaxing)
 .debug_str     0x0000000000000704      0x133 ls1x_string.o
                                        0x331 (size before relaxing)
 .debug_str     0x0000000000000837      0x16b soc_gpio.o
                                        0x2f8 (size before relaxing)
 .debug_str     0x00000000000009a2       0x7f soc_uart.o
                                        0x204 (size before relaxing)
 .debug_str     0x0000000000000a21      0x1d6 ls1x_exti.o
                                        0x3e9 (size before relaxing)
 .debug_str     0x0000000000000bf7      0x10e ls1x_wdg.o
                                        0x349 (size before relaxing)
 .debug_str     0x0000000000000d05      0x14c ls1c102_ptimer.o
                                        0x381 (size before relaxing)
 .debug_str     0x0000000000000e51       0x5b sd.o
                                        0x224 (size before relaxing)
 .debug_str     0x0000000000000eac       0x5d ddr.o
                                        0x226 (size before relaxing)
 .debug_str     0x0000000000000f09      0x117 memory.o
                                        0x312 (size before relaxing)
 .debug_str     0x0000000000001020      0x951 main.o
                                        0xd73 (size before relaxing)
 .debug_str     0x0000000000001971      0x41b 1c102_Interrupt.o
                                        0x6fc (size before relaxing)
 .debug_str     0x0000000000001d8c      0x131 D:/Users/wangs/Documents/Code/LoongArch-Processing-System/1C102/src/sw/LAIDE/buildtool/la32-tool/loongarch32-newlib-elf/lib/\libm.a(lib_a-s_ceil.o)
                                        0x623 (size before relaxing)
 .debug_str     0x0000000000001ebd       0x83 D:/Users/wangs/Documents/Code/LoongArch-Processing-System/1C102/src/sw/LAIDE/buildtool/la32-tool/loongarch32-newlib-elf/lib/\libm.a(lib_a-sf_cos.o)
                                        0x647 (size before relaxing)
 .debug_str     0x0000000000001f40       0x33 D:/Users/wangs/Documents/Code/LoongArch-Processing-System/1C102/src/sw/LAIDE/buildtool/la32-tool/loongarch32-newlib-elf/lib/\libm.a(lib_a-sf_sin.o)
                                        0x647 (size before relaxing)
 .debug_str     0x0000000000001f73       0xa4 D:/Users/wangs/Documents/Code/LoongArch-Processing-System/1C102/src/sw/LAIDE/buildtool/la32-tool/loongarch32-newlib-elf/lib/\libm.a(lib_a-wf_exp.o)
                                        0x657 (size before relaxing)
 .debug_str     0x0000000000002017       0x55 D:/Users/wangs/Documents/Code/LoongArch-Processing-System/1C102/src/sw/LAIDE/buildtool/la32-tool/loongarch32-newlib-elf/lib/\libm.a(lib_a-wf_pow.o)
                                        0x652 (size before relaxing)
 .debug_str     0x000000000000206c       0x44 D:/Users/wangs/Documents/Code/LoongArch-Processing-System/1C102/src/sw/LAIDE/buildtool/la32-tool/loongarch32-newlib-elf/lib/\libm.a(lib_a-wf_sqrt.o)
                                        0x648 (size before relaxing)
 .debug_str     0x00000000000020b0       0x58 D:/Users/wangs/Documents/Code/LoongArch-Processing-System/1C102/src/sw/LAIDE/buildtool/la32-tool/loongarch32-newlib-elf/lib/\libm.a(lib_a-ef_exp.o)
                                        0x64b (size before relaxing)
 .debug_str     0x0000000000002108       0x8e D:/Users/wangs/Documents/Code/LoongArch-Processing-System/1C102/src/sw/LAIDE/buildtool/la32-tool/loongarch32-newlib-elf/lib/\libm.a(lib_a-ef_pow.o)
                                        0x69b (size before relaxing)
 .debug_str     0x0000000000002196       0xa4 D:/Users/wangs/Documents/Code/LoongArch-Processing-System/1C102/src/sw/LAIDE/buildtool/la32-tool/loongarch32-newlib-elf/lib/\libm.a(lib_a-ef_rem_pio2.o)
                                        0x6a7 (size before relaxing)
 .debug_str     0x000000000000223a       0x34 D:/Users/wangs/Documents/Code/LoongArch-Processing-System/1C102/src/sw/LAIDE/buildtool/la32-tool/loongarch32-newlib-elf/lib/\libm.a(lib_a-ef_sqrt.o)
                                        0x62d (size before relaxing)
 .debug_str     0x000000000000226e       0x33 D:/Users/wangs/Documents/Code/LoongArch-Processing-System/1C102/src/sw/LAIDE/buildtool/la32-tool/loongarch32-newlib-elf/lib/\libm.a(lib_a-kf_cos.o)
                                        0x625 (size before relaxing)
 .debug_str     0x00000000000022a1       0x6d D:/Users/wangs/Documents/Code/LoongArch-Processing-System/1C102/src/sw/LAIDE/buildtool/la32-tool/loongarch32-newlib-elf/lib/\libm.a(lib_a-kf_rem_pio2.o)
                                        0x640 (size before relaxing)
 .debug_str     0x000000000000230e       0x33 D:/Users/wangs/Documents/Code/LoongArch-Processing-System/1C102/src/sw/LAIDE/buildtool/la32-tool/loongarch32-newlib-elf/lib/\libm.a(lib_a-kf_sin.o)
                                        0x625 (size before relaxing)
 .debug_str     0x0000000000002341       0x8d D:/Users/wangs/Documents/Code/LoongArch-Processing-System/1C102/src/sw/LAIDE/buildtool/la32-tool/loongarch32-newlib-elf/lib/\libm.a(lib_a-s_lib_ver.o)
                                        0x5de (size before relaxing)
 .debug_str     0x00000000000023ce       0x38 D:/Users/wangs/Documents/Code/LoongArch-Processing-System/1C102/src/sw/LAIDE/buildtool/la32-tool/loongarch32-newlib-elf/lib/\libm.a(lib_a-s_matherr.o)
                                        0x60b (size before relaxing)
 .debug_str     0x0000000000002406       0x45 D:/Users/wangs/Documents/Code/LoongArch-Processing-System/1C102/src/sw/LAIDE/buildtool/la32-tool/loongarch32-newlib-elf/lib/\libm.a(lib_a-s_rint.o)
                                        0x632 (size before relaxing)
 .debug_str     0x000000000000244b       0x34 D:/Users/wangs/Documents/Code/LoongArch-Processing-System/1C102/src/sw/LAIDE/buildtool/la32-tool/loongarch32-newlib-elf/lib/\libm.a(lib_a-sf_fabs.o)
                                        0x614 (size before relaxing)
 .debug_str     0x000000000000247f       0x38 D:/Users/wangs/Documents/Code/LoongArch-Processing-System/1C102/src/sw/LAIDE/buildtool/la32-tool/loongarch32-newlib-elf/lib/\libm.a(lib_a-sf_finite.o)
                                        0x621 (size before relaxing)
 .debug_str     0x00000000000024b7       0x35 D:/Users/wangs/Documents/Code/LoongArch-Processing-System/1C102/src/sw/LAIDE/buildtool/la32-tool/loongarch32-newlib-elf/lib/\libm.a(lib_a-sf_floor.o)
                                        0x625 (size before relaxing)
 .debug_str     0x00000000000024ec       0x3c D:/Users/wangs/Documents/Code/LoongArch-Processing-System/1C102/src/sw/LAIDE/buildtool/la32-tool/loongarch32-newlib-elf/lib/\libm.a(lib_a-sf_fpclassify.o)
                                        0x621 (size before relaxing)
 .debug_str     0x0000000000002528       0x35 D:/Users/wangs/Documents/Code/LoongArch-Processing-System/1C102/src/sw/LAIDE/buildtool/la32-tool/loongarch32-newlib-elf/lib/\libm.a(lib_a-sf_nan.o)
                                        0x5e7 (size before relaxing)